[    0.000000] Booting Linux on physical CPU 0x0
[    0.000000] Initializing cgroup subsys cpuset
[    0.000000] Initializing cgroup subsys cpu
[    0.000000] Initializing cgroup subsys cpuacct
[    0.000000] Initializing cgroup subsys schedtune
[    0.000000] Linux version 4.4.189 (xiaoqi@weiqifa-System-Product-Name) (gcc version 6.3.1 20170404 (Linaro GCC 6.3-2017.05) ) #39 SMP PREEMPT Sat Mar 14 19:58:23 CST 2020
[    0.000000] Boot CPU: AArch64 Processor [410fd042]
[    0.000000] cma: Reserved 16 MiB at 0x000000003f000000
[    0.000000] On node 0 totalpages: 253952
[    0.000000] DMA zone: 4088 pages used for memmap
[    0.000000] DMA zone: 0 pages reserved
[    0.000000] DMA zone: 253952 pages, LIFO batch:31
[    0.000000] psci: probing for conduit method from DT.
[    0.000000] psci: PSCIv1.0 detected in firmware.
[    0.000000] psci: Using standard PSCI v0.2 function IDs
[    0.000000] psci: Trusted OS migration not required
[    0.000000] PERCPU: Embedded 21 pages/cpu @ffffffc03ef24000 s45528 r8192 d32296 u86016
[    0.000000] pcpu-alloc: s45528 r8192 d32296 u86016 alloc=21*4096
[    0.000000] pcpu-alloc: [0] 0 [0] 1 [0] 2 [0] 3 
[    0.000000] Detected VIPT I-cache on CPU0
[    0.000000] Built 1 zonelists in Zone order, mobility grouping on.  Total pages: 249864
[    0.000000] Kernel command line: storagemedia=emmc androidboot.mode=normal androidboot.dtbo_idx=0 root=PARTUUID=af01642c-9b84-11e8-9b2a-234eb5e198a0 androidboot.verifiedbootstate=orange androidboot.slot_suffix= androidboot.serialno=TT3GNSWUU3 console=ttyFIQ0 androidboot.baseband=N/A androidboot.wificountrycode=US androidboot.veritymode=enforcing androidboot.hardware=rk30board androidboot.console=ttyFIQ0 firmware_class.path=/vendor/etc/firmware init=/init rootwait ro init=/init root=PARTUUID=af01642c-9b84-11e8-9b2a-234eb5e198a0 loop.max_part=7 androidboot.selinux=permissive androidboot.selinux=permissive rootdelay=1 earlyprintk=uart8250,mmio32,0xff160000 swiotlb=1 kpti=0
[    0.000000] PID hash table entries: 4096 (order: 3, 32768 bytes)
[    0.000000] Dentry cache hash table entries: 131072 (order: 8, 1048576 bytes)
[    0.000000] Inode-cache hash table entries: 65536 (order: 7, 524288 bytes)
[    0.000000] software IO TLB: mapped [mem 0x3ed35000-0x3ed75000] (0MB)
[    0.000000] Memory: 957736K/1015808K available (11262K kernel code, 1750K rwdata, 5436K rodata, 768K init, 2407K bss, 41688K reserved, 16384K cma-reserved)
[    0.000000] Virtual kernel memory layout:\x0a    modules : 0xffffff8000000000 - 0xffffff8008000000   (   128 MB)\x0a    vmalloc : 0xffffff8008000000 - 0xffffffbdbfff0000   (   246 GB)\x0a      .init : 0xffffff80090e0000 - 0xffffff80091a0000   (   768 KB)\x0a      .text : 0xffffff8008080000 - 0xffffff8008b80000   ( 11264 KB)\x0a    .rodata : 0xffffff8008b80000 - 0xffffff80090e0000   (  5504 KB)\x0a      .data : 0xffffff80091a0000 - 0xffffff8009355808   (  1751 KB)\x0a    vmemmap : 0xffffffbdc0000000 - 0xffffffbfc0000000   (     8 GB maximum)\x0a              0xffffffbdc0008000 - 0xffffffbdc1000000   (    15 MB actual)\x0a    fixed   : 0xffffffbffe7fb000 - 0xffffffbffec00000   (  4116 KB)\x0a    PCI I/O : 0xffffffbffee00000 - 0xffffffbfffe00000   (    16 MB)\x0a    memory  : 0xffffffc000200000 - 0xffffffc040000000   (  1022 MB)
[    0.000000] SLUB: HWalign=64, Order=0-3, MinObjects=0, CPUs=4, Nodes=1
[    0.000000] Preemptible hierarchical RCU implementation.
[    0.000000] \x09Build-time adjustment of leaf fanout to 64.
[    0.000000] \x09RCU restricting CPUs from NR_CPUS=8 to nr_cpu_ids=4.
[    0.000000] RCU: Adjusting geometry for rcu_fanout_leaf=64, nr_cpu_ids=4
[    0.000000] NR_IRQS:64 nr_irqs:64 0
[    0.000000] GIC: Using split EOI/Deactivate mode
[    0.000000] rockchip_mmc_get_phase: invalid clk rate
[    0.000000] rockchip_mmc_get_phase: invalid clk rate
[    0.000000] rockchip_mmc_get_phase: invalid clk rate
[    0.000000] rockchip_mmc_get_phase: invalid clk rate
[    0.000000] rockchip_mmc_get_phase: invalid clk rate
[    0.000000] rockchip_mmc_get_phase: invalid clk rate
[    0.000000] Architected cp15 timer(s) running at 24.00MHz (phys).
[    0.000000] clocksource: arch_sys_counter: mask: 0xffffffffffffff max_cycles: 0x588fe9dc0, max_idle_ns: 440795202592 ns
[    0.000009] sched_clock: 56 bits at 24MHz, resolution 41ns, wraps every 4398046511097ns
[    0.001729] Calibrating delay loop (skipped), value calculated using timer frequency.. 48.00 BogoMIPS (lpj=80000)
[    0.001758] pid_max: default: 32768 minimum: 301
[    0.002076] Security Framework initialized
[    0.002092] SELinux:  Initializing.
[    0.002309] SELinux:  Starting in permissive mode
[    0.002502] Mount-cache hash table entries: 2048 (order: 2, 16384 bytes)
[    0.002522] Mountpoint-cache hash table entries: 2048 (order: 2, 16384 bytes)
[    0.003719] Initializing cgroup subsys memory
[    0.003770] Initializing cgroup subsys freezer
[    0.004324] sched-energy: CPU device node has no sched-energy-costs
[    0.004343] Invalid sched_group_energy for CPU0
[    0.004355] CPU0: update cpu_capacity 1024
[    0.004437] ASID allocator initialised with 32768 entries
[    0.033185] Detected VIPT I-cache on CPU1
[    0.033261] Invalid sched_group_energy for CPU1
[    0.033268] CPU1: update cpu_capacity 1024
[    0.033275] CPU1: Booted secondary processor [410fd042]
[    0.043229] Detected VIPT I-cache on CPU2
[    0.043288] Invalid sched_group_energy for CPU2
[    0.043295] CPU2: update cpu_capacity 1024
[    0.043301] CPU2: Booted secondary processor [410fd042]
[    0.053301] Detected VIPT I-cache on CPU3
[    0.053358] Invalid sched_group_energy for CPU3
[    0.053364] CPU3: update cpu_capacity 1024
[    0.053370] CPU3: Booted secondary processor [410fd042]
[    0.053497] Brought up 4 CPUs
[    0.053577] SMP: Total of 4 processors activated.
[    0.053593] CPU features: kernel page table isolation forced OFF by command line option
[    0.053606] CPU features: detected feature: 32-bit EL0 Support
[    0.053622] CPU: All CPU(s) started at EL2
[    0.053966] Invalid sched_group_energy for CPU3
[    0.053984] Invalid sched_group_energy for Cluster3
[    0.053995] Invalid sched_group_energy for CPU2
[    0.054007] Invalid sched_group_energy for Cluster2
[    0.054017] Invalid sched_group_energy for CPU1
[    0.054028] Invalid sched_group_energy for Cluster1
[    0.054038] Invalid sched_group_energy for CPU0
[    0.054050] Invalid sched_group_energy for Cluster0
[    0.055776] devtmpfs: initialized
[    0.092817] clocksource: jiffies: mask: 0xffffffff max_cycles: 0xffffffff, max_idle_ns: 6370867519511994 ns
[    0.092870] futex hash table entries: 1024 (order: 4, 65536 bytes)
[    0.094665] pinctrl core: initialized pinctrl subsystem
[    0.098929] Failed to find legacy iommu devices
[    0.100048] NET: Registered protocol family 16
[    0.102011] schedtune: init normalization constants...
[    0.102024] schedtune: no energy model data
[    0.102033] schedtune: disabled!
[    0.112384] cpuidle: using governor ladder
[    0.122410] cpuidle: using governor menu
[    0.122462] Registered FIQ tty driver
[    0.124354] vdso: 2 pages (1 code @ ffffff8008b86000, 1 data @ ffffff80091a4000)
[    0.124413] hw-breakpoint: found 6 breakpoint and 4 watchpoint registers.
[    0.125958] DMA: preallocated 256 KiB pool for atomic allocations
[    0.153928] gpiochip_add_data: registered GPIOs 0 to 31 on device: gpio0
[    0.154085] gpiochip_add_data: registered GPIOs 32 to 63 on device: gpio1
[    0.154243] gpiochip_add_data: registered GPIOs 64 to 95 on device: gpio2
[    0.154394] gpiochip_add_data: registered GPIOs 96 to 127 on device: gpio3
[    0.167108] genirq: Setting trigger mode 8 for irq 178 failed (gic_set_type+0x0/0x48)
[    0.168693] console [pstore-1] enabled
[    0.169224] pstore: Registered ramoops as persistent store backend
[    0.169246] ramoops: attached 0xf0000@0x110000, ecc: 0/0
[    0.174377] fiq debugger fiq mode enabled
[    0.175732] console [ttyFIQ0] enabled
[    0.176143] Registered fiq debugger ttyFIQ0
[    0.236963] rockchip-pm rockchip-suspend: not set pwm-regulator-config
[    0.238200] of_get_named_gpiod_flags: can't parse 'gpio' property of node '/vcc-phy-regulator[0]'
[    0.238725] of_get_named_gpiod_flags: can't parse 'gpio' property of node '/vccsys[0]'
[    0.239892] iommu: Adding device ff440000.hevc_service to group 0
[    0.240087] iommu: Adding device ff442000.vpu_service to group 1
[    0.240311] iommu: Adding device ff460000.vop to group 2
[    0.240460] iommu: Adding device ff470000.vop to group 3
[    0.240599] iommu: Adding device ff4a0000.rkisp1 to group 4
[    0.241575] rk_iommu ff440440.iommu: can't get sclk
[    0.242130] rk_iommu ff442800.iommu: can't get sclk
[    0.242449] rk_iommu ff460f00.iommu: can't get sclk
[    0.242754] rk_iommu ff470f00.iommu: can't get sclk
[    0.243110] rk_iommu ff4a8000.iommu: can't get sclk
[    0.244334] SCSI subsystem initialized
[    0.244787] usbcore: registered new interface driver usbfs
[    0.244885] usbcore: registered new interface driver hub
[    0.245026] usbcore: registered new device driver usb
[    0.246231] rockchip-pinctrl pinctrl: unable to find group for node i2c4-gpio
[    0.246413] of_get_named_gpiod_flags: parsed 'gpios' property of node '/i2c@4[0]' - status (0)
[    0.246477] of_get_named_gpiod_flags: parsed 'gpios' property of node '/i2c@4[1]' - status (0)
[    0.247081] i2c-gpio i2c@4: using pins 110 (SDA) and 109 (SCL)
[    0.247196] media: Linux media interface: v0.10
[    0.247288] Linux video capture interface: v2.00
[    0.247761] pps_core: LinuxPPS API ver. 1 registered
[    0.247781] pps_core: Software ver. 5.3.6 - Copyright 2005-2007 Rodolfo Giometti <giometti@linux.it>
[    0.247827] PTP clock support registered
[    0.252060] Advanced Linux Sound Architecture Driver Initialized.
[    0.253159] Bluetooth: Core ver 2.21
[    0.253254] NET: Registered protocol family 31
[    0.253271] Bluetooth: HCI device and connection manager initialized
[    0.253297] Bluetooth: HCI socket layer initialized
[    0.253319] Bluetooth: L2CAP socket layer initialized
[    0.253375] Bluetooth: SCO socket layer initialized
[    0.255075] rockchip-cpuinfo cpuinfo: Serial\x09\x09: 6ea029965d8c5491
[    0.257780] clocksource: Switched to clocksource arch_sys_counter
[    0.359022] thermal thermal_zone1: power_allocator: sustainable_power will be estimated
[    0.359890] NET: Registered protocol family 2
[    0.361342] TCP established hash table entries: 8192 (order: 4, 65536 bytes)
[    0.361542] TCP bind hash table entries: 8192 (order: 5, 131072 bytes)
[    0.361795] TCP: Hash tables configured (established 8192 bind 8192)
[    0.361948] UDP hash table entries: 512 (order: 2, 16384 bytes)
[    0.362037] UDP-Lite hash table entries: 512 (order: 2, 16384 bytes)
[    0.362548] NET: Registered protocol family 1
[    0.362921] PCI: CLS 0 bytes, default 64
[    0.366642] hw perfevents: enabled with armv8_cortex_a53 PMU driver, 7 counters available
[    0.371868] audit: initializing netlink subsys (disabled)
[    0.372026] audit: type=2000 audit(0.366:1): initialized
[    0.384386] VFS: Disk quotas dquot_6.6.0
[    0.384768] VFS: Dquot-cache hash table entries: 512 (order 0, 4096 bytes)
[    0.387615] Registering sdcardfs 0.1
[    0.389458] fuse init (API version 7.23)
[    0.392440] SELinux:  Registering netfilter hooks
[    0.393151] \x0aTEE Core Framework initialization (ver 1:0.1)
[    0.393248] TEE armv7 Driver initialization
[    0.394094] tz_tee_probe: name="armv7sec", id=0, pdev_name="armv7sec.0"
[    0.394133] TEE core: Alloc the misc device "opteearmtz00" (id=0)
[    0.394622] TEE Core: Register the misc device "opteearmtz00" (id=0,minor=62)
[    0.403004] Block layer SCSI generic (bsg) driver version 0.4 loaded (major 244)
[    0.403079] io scheduler noop registered
[    0.403593] io scheduler cfq registered (default)
[    0.406480] phy phy-ff2c0000.syscon:usb2-phy@100.1: Failed to get VBUS supply regulator
[    0.414016] zigbee GPIO Test Program Probe start
[    0.414137] of_get_named_gpiod_flags: parsed 'reset-gpio' property of node '/gpio_zigbee[0]' - status (0)
[    0.414211] zigbee gpio putout
[    0.414224] gpio_zigbee_probe end
[    0.416790] pwm-backlight backlight: GPIO lookup for consumer enable
[    0.416825] pwm-backlight backlight: using device tree for GPIO lookup
[    0.416847] of_get_named_gpiod_flags: can't parse 'enable-gpios' property of node '/backlight[0]'
[    0.416867] of_get_named_gpiod_flags: can't parse 'enable-gpio' property of node '/backlight[0]'
[    0.416885] pwm-backlight backlight: using lookup tables for GPIO lookup
[    0.416905] pwm-backlight backlight: lookup for GPIO enable failed
[    0.416937] backlight supply power not found, using dummy regulator
[    0.417981] Module initialized.
[    0.418717] rk-vcodec vpu_combo: no regulator for vcodec
[    0.419293] rk-vcodec vpu_combo: failed on clk_get clk_cabac
[    0.419536] platform ff442000.vpu_service: probe device
[    0.420009] platform ff442000.vpu_service: drm allocator with mmu enabled
[    0.421460] platform ff440000.hevc_service: probe device
[    0.421974] platform ff440000.hevc_service: drm allocator with mmu enabled
[    0.423022] rk-vcodec vpu_combo: could not find power_model node
[    0.423068] rk-vcodec vpu_combo: init success
[    0.429305] dma-pl330 ff240000.dmac: Loaded driver for PL330 DMAC-241330
[    0.429365] dma-pl330 ff240000.dmac: \x09DBUFF-128x8bytes Num_Chans-8 Num_Peri-32 Num_Events-16
[    0.430021] rockchip-pvtm ff010000.syscon:pmu-pvtm: failed to get rst 0 pmu
[    0.430343] rockchip-pvtm ff148000.syscon:pvtm: failed to get rst 0 core
[    0.431909] rockchip-system-monitor rockchip-system-monitor: system monitor probe
[    0.433675] Serial: 8250/16550 driver, 6 ports, IRQ sharing disabled
[    0.434961] ff158000.serial: ttyS1 at MMIO 0xff158000 (irq = 12, base_baud = 2500000) is a 16550A
[    0.436202] ff170000.serial: ttyS4 at MMIO 0xff170000 (irq = 13, base_baud = 6250000) is a 16550A
[    0.437405] ff178000.serial: ttyS5 at MMIO 0xff178000 (irq = 14, base_baud = 6250000) is a 16550A
[    0.438650] [drm] Initialized drm 1.1.0 20060810
[    0.446760] [drm] Rockchip DRM driver version: v1.0.1
[    0.447262] rockchip-drm display-subsystem: devfreq is not set
[    0.448411] rockchip-drm display-subsystem: bound ff460000.vop (ops vop_component_ops)
[    0.448790] rockchip-drm display-subsystem: bound ff470000.vop (ops vop_component_ops)
[    0.448851] rockchip-drm display-subsystem: failed to bind ff450000.dsi (ops dw_mipi_dsi_ops): -517
[    0.449379] rockchip-drm display-subsystem: master bind failed: -517
[    0.455221] panel-simple-dsi ff450000.dsi.0: failed to get power regulator: -517
[    0.456135] Unable to detect cache hierarchy for CPU 0
[    0.474392] brd: module loaded
[    0.485411] loop: module loaded
[    0.486580] zram: Added device: zram0
[    0.488618] === Howrd === knob_encoder_probe enter!
[    0.488827] of_get_named_gpiod_flags: parsed 'signal-a-gpio' property of node '/knob_encoder[0]' - status (0)
[    0.488881] of_get_named_gpiod_flags: parsed 'signal-b-gpio' property of node '/knob_encoder[0]' - status (0)
[    0.489255] input: knob-keys as /devices/platform/knob_encoder/input/input0
[    0.489892] === Howrd === irqa=167, irqb=168
[    0.490513] motor_probe enter: 63
[    0.490671] of_get_named_gpiod_flags: parsed 'en-gpio' property of node '/simple_motor[0]' - status (0)
[    0.490921] motor control: motor_probe: 105
[    0.490955] simple-motor simple_motor: motor_probe: 106
[    0.491579] pogopin_probe enter: 44
[    0.491717] of_get_named_gpiod_flags: parsed 'relay-1-A-gpio' property of node '/pogo_pin[0]' - status (0)
[    0.491811] of_get_named_gpiod_flags: parsed 'relay-2-A-gpio' property of node '/pogo_pin[0]' - status (0)
[    0.491896] of_get_named_gpiod_flags: parsed 'relay-1-B-gpio' property of node '/pogo_pin[0]' - status (0)
[    0.491963] of_get_named_gpiod_flags: parsed 'relay-2-B-gpio' property of node '/pogo_pin[0]' - status (0)
[    0.492015] pogo-pin pogo_pin: pogopin_probe: 140
[    0.492539] gpio_probe enter: 78
[    0.492611] of_get_named_gpiod_flags: parsed 'en-gpio' property of node '/gpio_rs485[0]' - status (0)
[    0.492850] rs485 onoff: gpio_probe: 131
[    0.492887] gpio-en gpio_rs485: gpio_probe: 132
[    0.492983] pn54x_dev_init
[    0.493680] SCSI Media Changer driver v0.25 
[    0.495617] tun: Universal TUN/TAP device driver, 1.6
[    0.495658] tun: (C) 1999-2004 Max Krasnyansky <maxk@qualcomm.com>
[    0.498175] rk_gmac-dwmac ff360000.ethernet: clock input or output? (output).
[    0.498243] rk_gmac-dwmac ff360000.ethernet: Can not read property: tx_delay.
[    0.498267] rk_gmac-dwmac ff360000.ethernet: set tx_delay to 0x30
[    0.498311] rk_gmac-dwmac ff360000.ethernet: Can not read property: rx_delay.
[    0.498332] rk_gmac-dwmac ff360000.ethernet: set rx_delay to 0x10
[    0.498367] rk_gmac-dwmac ff360000.ethernet: integrated PHY? (no).
[    0.498765] ERROR: could not get clock /ethernet@ff360000:clk_mac_refout(4)
[    0.498800] rk_gmac-dwmac ff360000.ethernet: cannot get clock clk_mac_refout
[    0.503948] rk_gmac-dwmac ff360000.ethernet: init for RMII
[    0.504203] stmmac - user ID: 0x10, Synopsys ID: 0x35
[    0.504230] Ring mode enabled
[    0.504263] DMA HW capability register supported
[    0.504276] Normal descriptors
[    0.504294] RX Checksum Offload Engine supported (type 2)
[    0.504307] TX Checksum insertion supported
[    0.504320] Wake-Up On Lan supported
[    0.504451] rk_gmac-dwmac ff360000.ethernet: rk_get_eth_addr: rk_vendor_read eth mac address failed (-1)
[    0.504517] rk_gmac-dwmac ff360000.ethernet: rk_get_eth_addr: generate random eth mac address: 6a:73:47:3a:ea:5f
[    0.504541] rk_gmac-dwmac ff360000.ethernet: rk_get_eth_addr: rk_vendor_write eth mac address failed (-1)
[    0.504566] rk_gmac-dwmac ff360000.ethernet: rk_get_eth_addr: mac address: 6a:73:47:3a:ea:5f
[    0.504584] eth%d: device MAC address 6a:73:47:3a:ea:5f
[    0.504597] Enable RX Mitigation via HW Watchdog Timer
[    0.504861] of_get_named_gpiod_flags: parsed 'snps,reset-gpio' property of node '/ethernet@ff360000[0]' - status (0)
[    0.613773] libphy: stmmac: probed
[    0.613805] eth%d: No PHY found
[    0.615099] PPP generic driver version 2.4.2
[    0.615530] PPP BSD Compression module registered
[    0.615573] PPP Deflate Compression module registered
[    0.615632] PPP MPPE Compression module registered
[    0.615686] NET: Registered protocol family 24
[    0.615791] SLIP: version 0.8.4-NET3.019-NEWTTY (dynamic channels, max=256) (6 bit encapsulation enabled).
[    0.615806] CSLIP: code copyright 1989 Regents of the University of California.
[    0.615837] Rockchip WiFi SYS interface (V1.00) ... 
[    0.616044] usbcore: registered new interface driver catc
[    0.616159] usbcore: registered new interface driver kaweth
[    0.616200] pegasus: v0.9.3 (2013/04/25), Pegasus/Pegasus II USB Ethernet driver
[    0.616292] usbcore: registered new interface driver pegasus
[    0.616391] usbcore: registered new interface driver rtl8150
[    0.616496] usbcore: registered new interface driver r8152
[    0.616520] hso: drivers/net/usb/hso.c: Option Wireless
[    0.616649] usbcore: registered new interface driver hso
[    0.616764] usbcore: registered new interface driver asix
[    0.616865] usbcore: registered new interface driver ax88179_178a
[    0.616955] usbcore: registered new interface driver cdc_ether
[    0.617068] usbcore: registered new interface driver cdc_eem
[    0.617164] usbcore: registered new interface driver dm9601
[    0.617273] usbcore: registered new interface driver smsc75xx
[    0.617393] usbcore: registered new interface driver smsc95xx
[    0.617497] usbcore: registered new interface driver gl620a
[    0.617588] usbcore: registered new interface driver net1080
[    0.617687] usbcore: registered new interface driver plusb
[    0.617843] usbcore: registered new interface driver rndis_host
[    0.617950] usbcore: registered new interface driver cdc_subset
[    0.618043] usbcore: registered new interface driver zaurus
[    0.618156] usbcore: registered new interface driver MOSCHIP usb-ethernet driver
[    0.618291] usbcore: registered new interface driver int51x1
[    0.618395] usbcore: registered new interface driver kalmia
[    0.618495] usbcore: registered new interface driver ipheth
[    0.618603] usbcore: registered new interface driver sierra_net
[    0.618695] usbcore: registered new interface driver cx82310_eth
[    0.618832] usbcore: registered new interface driver cdc_ncm
[    0.618927] usbcore: registered new interface driver qmi_wwan
[    0.619031] usbcore: registered new interface driver cdc_mbim
[    0.621375] ff300000.usb supply vusb_d not found, using dummy regulator
[    0.621607] ff300000.usb supply vusb_a not found, using dummy regulator
[    0.734534] dwc2 ff300000.usb: EPs: 10, dedicated fifos, 972 entries in SPRAM
[    0.735595] dwc2 ff300000.usb: DWC OTG Controller
[    0.735673] dwc2 ff300000.usb: new USB bus registered, assigned bus number 1
[    0.735753] dwc2 ff300000.usb: irq 23, io mem 0xff300000
[    0.736042] usb usb1: New USB device found, idVendor=1d6b, idProduct=0002
[    0.736079] usb usb1: New USB device strings: Mfr=3, Product=2, SerialNumber=1
[    0.736102] usb usb1: Product: DWC OTG Controller
[    0.736123] usb usb1: Manufacturer: Linux 4.4.189 dwc2_hsotg
[    0.736150] usb usb1: SerialNumber: ff300000.usb
[    0.737298] hub 1-0:1.0: USB hub found
[    0.737378] hub 1-0:1.0: 1 port detected
[    0.920006] phy phy-ff2c0000.syscon:usb2-phy@100.1: charger = USB_CDP_CHARGER
[    0.921466] ehci_hcd: USB 2.0 'Enhanced' Host Controller (EHCI) Driver
[    0.921515] ehci-pci: EHCI PCI platform driver
[    0.921662] ehci-platform: EHCI generic platform driver
[    0.924570] ehci-platform ff340000.usb: EHCI Host Controller
[    0.925045] ehci-platform ff340000.usb: new USB bus registered, assigned bus number 2
[    0.925470] ehci-platform ff340000.usb: irq 24, io mem 0xff340000
[    0.934501] ehci-platform ff340000.usb: USB 2.0 started, EHCI 1.00
[    0.934823] usb usb2: New USB device found, idVendor=1d6b, idProduct=0002
[    0.934859] usb usb2: New USB device strings: Mfr=3, Product=2, SerialNumber=1
[    0.934882] usb usb2: Product: EHCI Host Controller
[    0.934903] usb usb2: Manufacturer: Linux 4.4.189 ehci_hcd
[    0.934923] usb usb2: SerialNumber: ff340000.usb
[    0.935956] hub 2-0:1.0: USB hub found
[    0.936042] hub 2-0:1.0: 1 port detected
[    0.937126] ohci_hcd: USB 1.1 'Open' Host Controller (OHCI) Driver
[    0.937250] ohci-platform: OHCI generic platform driver
[    0.938077] ohci-platform ff350000.usb: Generic Platform OHCI controller
[    0.938543] ohci-platform ff350000.usb: new USB bus registered, assigned bus number 3
[    0.938876] ohci-platform ff350000.usb: irq 25, io mem 0xff350000
[    0.995432] usb usb3: New USB device found, idVendor=1d6b, idProduct=0001
[    0.995470] usb usb3: New USB device strings: Mfr=3, Product=2, SerialNumber=1
[    0.995495] usb usb3: Product: Generic Platform OHCI controller
[    0.995535] usb usb3: Manufacturer: Linux 4.4.189 ohci_hcd
[    0.995556] usb usb3: SerialNumber: ff350000.usb
[    0.996587] hub 3-0:1.0: USB hub found
[    0.996669] hub 3-0:1.0: 1 port detected
[    0.998847] usbcore: registered new interface driver cdc_acm
[    0.998893] cdc_acm: USB Abstract Control Model driver for USB modems and ISDN adapters
[    0.999047] usbcore: registered new interface driver usblp
[    0.999165] usbcore: registered new interface driver cdc_wdm
[    0.999281] usbcore: registered new interface driver uas
[    0.999467] usbcore: registered new interface driver usb-storage
[    0.999569] usbcore: registered new interface driver ums-alauda
[    0.999686] usbcore: registered new interface driver ums-cypress
[    0.999789] usbcore: registered new interface driver ums-datafab
[    0.999896] usbcore: registered new interface driver ums_eneub6250
[    0.999987] usbcore: registered new interface driver ums-freecom
[    1.000080] usbcore: registered new interface driver ums-isd200
[    1.000183] usbcore: registered new interface driver ums-jumpshot
[    1.000273] usbcore: registered new interface driver ums-karma
[    1.000374] usbcore: registered new interface driver ums-onetouch
[    1.000467] usbcore: registered new interface driver ums-sddr09
[    1.000580] usbcore: registered new interface driver ums-sddr55
[    1.000673] usbcore: registered new interface driver ums-usbat
[    1.000857] usbcore: registered new interface driver usbserial
[    1.000941] usbcore: registered new interface driver usbserial_generic
[    1.001019] usbserial: USB Serial support registered for generic
[    1.001166] usbcore: registered new interface driver option
[    1.001243] usbserial: USB Serial support registered for GSM modem (1-port)
[    1.001591] usbcore: registered new interface driver trancevibrator
[    1.001625] usb20_otg: version 3.10a 21-DEC-2012
[    1.002207] usb20_host: version 3.10a 21-DEC-2012
[    1.004277] usbcore: registered new interface driver xpad
[    1.004469] usbcore: registered new interface driver usb_acecad
[    1.004607] usbcore: registered new interface driver aiptek
[    1.004741] usbcore: registered new interface driver gtco
[    1.004866] usbcore: registered new interface driver hanwang
[    1.004970] usbcore: registered new interface driver kbtab
[    1.006149] sensor_register_slave:kxtj9,id=11
[    1.006189] sensor_register_slave:mma8452,id=17
[    1.006229] sensor_register_slave:lis3dh,id=7
[    1.006256] sensor_register_slave:mma7660,id=18
[    1.006281] sensor_register_slave:lsm303d,id=22
[    1.006307] sensor_register_slave:gs_mc3230,id=23
[    1.006320] [Gsensor]   gsensor_init
[    1.006347] sensor_register_slave:mpu6880_acc,id=24
[    1.006374] sensor_register_slave:mpu6500_acc,id=25
[    1.006401] sensor_register_slave:lsm330_acc,id=26
[    1.006436] sensor_register_slave:bma2xx_acc,id=27
[    1.006464] sensor_register_slave:akm8975,id=30
[    1.006490] sensor_register_slave:akm8963,id=31
[    1.006516] sensor_register_slave:l3g4200d,id=45
[    1.006542] sensor_register_slave:l3g20d,id=46
[    1.006568] sensor_register_slave:ewtsa,id=47
[    1.006595] sensor_register_slave:lsm330_gyro,id=51
[    1.006621] sensor_register_slave:cm3217,id=53
[    1.006656] sensor_register_slave:cm3218,id=54
[    1.006683] sensor_register_slave:ls_stk3410,id=62
[    1.008077] [AHT10] aht10_init
[    1.008225] [AHT10] aht10_i2c_probe enter!
[    1.008682] [AHT10] aht10_init_events Enter!
[    1.009758] aht10 4-0038: aht10_i2c_write:i2c write error
[    1.010762] i2c /dev entries driver
[    1.014586] rk808 0-0020: Pmic Chip id: 0x8090
[    1.015696] rk808 0-0020: source: on=0x40, off=0x00
[    1.018295] rk808 0-0020: support dcdc3 fb mode:-22, 1018948640
[    1.019144] rk808 0-0020: support pmic reset mode:0,1
[    1.019461] gpiochip_find_base: found new base at 511
[    1.019666] gpiochip_add_data: registered GPIOs 511 to 511 on device: rk817-gpio
[    1.019858] GPIO chip rk817-gpio: created GPIO range 0->0 ==> rk805-pinctrl PIN 0->0
[    1.026982] rk808 0-0020: GPIO lookup for consumer dvs
[    1.027017] rk808 0-0020: using device tree for GPIO lookup
[    1.027044] of_get_named_gpiod_flags: can't parse 'dvs-gpios' property of node '/i2c@ff180000/pmic@20[0]'
[    1.027065] of_get_named_gpiod_flags: can't parse 'dvs-gpio' property of node '/i2c@ff180000/pmic@20[0]'
[    1.027084] rk808 0-0020: using lookup tables for GPIO lookup
[    1.027103] rk808 0-0020: lookup for GPIO dvs failed
[    1.027124] rk808-regulator rk808-regulator: there is no dvs0 gpio
[    1.027163] rk808 0-0020: GPIO lookup for consumer dvs
[    1.027181] rk808 0-0020: using device tree for GPIO lookup
[    1.027201] of_get_named_gpiod_flags: can't parse 'dvs-gpios' property of node '/i2c@ff180000/pmic@20[1]'
[    1.027221] of_get_named_gpiod_flags: can't parse 'dvs-gpio' property of node '/i2c@ff180000/pmic@20[1]'
[    1.027238] rk808 0-0020: using lookup tables for GPIO lookup
[    1.027255] rk808 0-0020: lookup for GPIO dvs failed
[    1.027274] rk808-regulator rk808-regulator: there is no dvs1 gpio
[    1.027616] DCDC_REG1: supplied by vcc5v0_sys
[    1.032731] DCDC_REG2: supplied by vcc5v0_sys
[    1.037855] DCDC_REG3: supplied by vcc5v0_sys
[    1.041955] DCDC_REG4: supplied by vcc5v0_sys
[    1.046105] DCDC_REG5: supplied by vcc5v0_sys
[    1.049534] LDO_REG1: supplied by vcc3v3_sys
[    1.053873] LDO_REG2: supplied by vcc3v3_sys
[    1.058246] LDO_REG3: supplied by vcc3v3_sys
[    1.062656] LDO_REG4: supplied by vcc3v3_sys
[    1.067014] LDO_REG5: supplied by vcc3v3_sys
[    1.071944] LDO_REG6: supplied by vcc3v3_sys
[    1.076325] LDO_REG7: supplied by vcc3v3_sys
[    1.080743] LDO_REG8: supplied by vcc3v3_sys
[    1.085212] LDO_REG9: supplied by vcc3v3_sys
[    1.089797] SWITCH_REG1: supplied by vcc5v0_sys
[    1.091767] SWITCH_REG2: supplied by vcc3v3_sys
[    1.095349] rk817-battery rk817-battery: Failed to find matching dt id
[    1.095755] rk817-charger rk817-charger: Failed to find matching dt id
[    1.102147] input: rk8xx_pwrkey as /devices/platform/ff180000.i2c/i2c-0/0-0020/input/input1
[    1.113806] rk808-rtc rk808-rtc: rtc core: registered rk808-rtc as rtc0
[    1.117550] rk3x-i2c ff180000.i2c: Initialized RK3xxx I2C bus at ffffff800967c000
[    1.119212] <<GTP-INF>>[gt1x_ts_probe:526] GTP Driver Version: V1.4<2015/07/10>
[    1.119241] <<GTP-INF>>[gt1x_ts_probe:527] GTP I2C Address: 0x14
[    1.119352] of_get_named_gpiod_flags: parsed 'goodix,irq-gpio' property of node '/i2c@ff190000/gt1x@14[0]' - status (0)
[    1.119398] of_get_named_gpiod_flags: parsed 'goodix,rst-gpio' property of node '/i2c@ff190000/gt1x@14[0]' - status (0)
[    1.119455] <<GTP-ERR>>[gt1x_parse_dt:324] vdd_ana not specified, fallback to power-supply
[    1.120210] <<GTP-INF>>[gt1x_reset_guitar:779] GTP RESET!
[    1.187983] <<GTP-ERR>>[_do_i2c_write:430] I2c transfer error! (-6)
[    1.188004] <<GTP-ERR>>[gt1x_init:2311] Reset guitar failed!
[    1.188018] <<GTP-INF>>[gt1x_reset_guitar:779] GTP RESET!
[    1.241146] usb 2-1: new high-speed USB device number 2 using ehci-platform
[    1.254638] <<GTP-ERR>>[_do_i2c_write:430] I2c transfer error! (-6)
[    1.254657] <<GTP-ERR>>[gt1x_init:2311] Reset guitar failed!
[    1.254672] <<GTP-INF>>[gt1x_reset_guitar:779] GTP RESET!
[    1.321303] <<GTP-ERR>>[_do_i2c_write:430] I2c transfer error! (-6)
[    1.321322] <<GTP-ERR>>[gt1x_init:2311] Reset guitar failed!
[    1.321336] <<GTP-INF>>[gt1x_reset_guitar:779] GTP RESET!
[    1.365925] usb 2-1: New USB device found, idVendor=0bda, idProduct=8152
[    1.365965] usb 2-1: New USB device strings: Mfr=1, Product=2, SerialNumber=3
[    1.365989] usb 2-1: Product: USB 10/100 LAN
[    1.366025] usb 2-1: Manufacturer: Realtek
[    1.366045] usb 2-1: SerialNumber: 000000000000
[    1.388012] <<GTP-ERR>>[_do_i2c_write:430] I2c transfer error! (-6)
[    1.388046] <<GTP-ERR>>[gt1x_init:2311] Reset guitar failed!
[    1.388061] <<GTP-INF>>[gt1x_reset_guitar:779] GTP RESET!
[    1.454666] <<GTP-ERR>>[_do_i2c_write:430] I2c transfer error! (-6)
[    1.454697] <<GTP-ERR>>[gt1x_init:2311] Reset guitar failed!
[    1.454713] <<GTP-ERR>>[gt1x_init:2337] Init failed, use default setting
[    1.454892] <<GTP-ERR>>[_do_i2c_read:388] I2c Transfer error! (-6)
[    1.454909] <<GTP-ERR>>[gt1x_get_chip_type:886] I2c communication error.
[    1.454924] <<GTP-ERR>>[gt1x_init:2347] Get chip type failed!
[    1.455099] <<GTP-ERR>>[_do_i2c_read:388] I2c Transfer error! (-6)
[    1.455116] <<GTP-ERR>>[gt1x_read_version:836] Read version failed!
[    1.477870] usb 2-1: reset high-speed USB device number 2 using ehci-platform
[    1.510948] aht10 4-0038: aht10_reg_read:i2c read error
[    1.510981] [AHT10] aht10_init_events: try [1] cal_enable=0.
[    1.512039] aht10 4-0038: aht10_i2c_write:i2c write error
[    1.557973] <<GTP-ERR>>[_do_i2c_read:388] I2c Transfer error! (-6)
[    1.557991] <<GTP-ERR>>[gt1x_read_version:836] Read version failed!
[    1.629300] r8152 2-1:1.0 (unnamed net_device) (uninitialized): Invalid ether addr 00:00:00:00:00:00
[    1.629926] r8152 2-1:1.0 (unnamed net_device) (uninitialized): Random ether addr c2:0c:47:a7:81:98
[    1.631433] r8152 2-1:1.0 eth0: v1.08.3
[    1.661315] <<GTP-ERR>>[_do_i2c_read:388] I2c Transfer error! (-6)
[    1.661336] <<GTP-ERR>>[gt1x_read_version:836] Read version failed!
[    1.764470] <<GTP-INF>>[gt1x_read_version:854] IC VERSION:GT_000000(Patch)_0000(Mask)_00(SensorID)
[    1.764492] <<GTP-INF>>[gt1x_init_panel:599] Config group0 used, length:239
[    1.764513] <<GTP-INF>>[gt1x_init_panel:650] X_MAX=4096,Y_MAX=4096,TRIGGER=0x01,WAKEUP_LEVEL=1
[    1.764700] <<GTP-ERR>>[_do_i2c_write:430] I2c transfer error! (-6)
[    1.764880] <<GTP-ERR>>[_do_i2c_write:430] I2c transfer error! (-6)
[    1.765058] <<GTP-ERR>>[_do_i2c_write:430] I2c transfer error! (-6)
[    1.765235] <<GTP-ERR>>[_do_i2c_write:430] I2c transfer error! (-6)
[    1.765412] <<GTP-ERR>>[_do_i2c_write:430] I2c transfer error! (-6)
[    1.765430] <<GTP-ERR>>[gt1x_send_cfg:549] Send config failed!
[    1.765444] <<GTP-ERR>>[gt1x_init:2359] Init panel failed.
[    1.765698] <<GTP-ERR>>[gt1x_ts_probe:553] GTP init failed!!!
[    1.765848] Goodix-TS-GT1X: probe of 1-0014 failed with error -2147483644
[    1.765940] rk3x-i2c ff190000.i2c: Initialized RK3xxx I2C bus at ffffff800967e000
[    1.767858] rk3x-i2c ff1a0000.i2c: Initialized RK3xxx I2C bus at ffffff80096dc000
[    1.769420] pn54x_probe
[    1.769690] of_get_named_gpiod_flags: parsed 'enable-gpios' property of node '/i2c@ff1b0000/pn547@28[0]' - status (0)
[    1.769712] of_get_named_gpiod_flags: can't parse 'firmware-gpios' property of node '/i2c@ff1b0000/pn547@28[0]'
[    1.769735] pn544 3-0028: FIRM GPIO <OPTIONAL> error getting from OF node
[    1.769844] of_get_named_gpiod_flags: parsed 'interrupt-gpios' property of node '/i2c@ff1b0000/pn547@28[0]' - status (0)
[    1.769864] of_get_named_gpiod_flags: can't parse 'nxp,pn54x-clkreq' property of node '/i2c@ff1b0000/pn547@28[0]'
[    1.769884] pn544 3-0028: CLKREQ GPIO <OPTIONAL> error getting from OF node
[    1.770064] 3-0028 supply nxp,pn54x-pvdd not found, using dummy regulator
[    1.770359] 3-0028 supply nxp,pn54x-vbat not found, using dummy regulator
[    1.770579] 3-0028 supply nxp,pn54x-pmuvcc not found, using dummy regulator
[    1.770767] 3-0028 supply nxp,pn54x-sevdd not found, using dummy regulator
[    1.770961] pn54x_probe: request irq_gpio 40
[    1.771213] pn54x_probe: request ven_gpio 47
[    1.771740] pn54x_probe : requesting IRQ 90
[    1.772054] rk3x-i2c ff1b0000.i2c: Initialized RK3xxx I2C bus at ffffff80096de000
[    1.774673] IR NEC protocol handler initialized
[    1.774806] IR RC5(x/sz) protocol handler initialized
[    1.775020] IR RC6 protocol handler initialized
[    1.775240] IR JVC protocol handler initialized
[    1.775460] IR Sony protocol handler initialized
[    1.775675] IR SANYO protocol handler initialized
[    1.775890] IR Sharp protocol handler initialized
[    1.776109] IR MCE Keyboard/mouse protocol handler initialized
[    1.776324] IR XMP protocol handler initialized
[    1.778013] rkisp1 ff4a0000.rkisp1: rkisp1 driver version: v00.01.05
[    1.781379] rkisp1 ff4a0000.rkisp1: GPIO lookup for consumer vsirq
[    1.781413] rkisp1 ff4a0000.rkisp1: using device tree for GPIO lookup
[    1.781438] of_get_named_gpiod_flags: can't parse 'vsirq-gpios' property of node '/rkisp1@ff4a0000[0]'
[    1.781458] of_get_named_gpiod_flags: can't parse 'vsirq-gpio' property of node '/rkisp1@ff4a0000[0]'
[    1.781476] rkisp1 ff4a0000.rkisp1: using lookup tables for GPIO lookup
[    1.781496] rkisp1 ff4a0000.rkisp1: lookup for GPIO vsirq failed
[    1.782112] usbcore: registered new interface driver npu_acm
[    1.782400] usbcore: registered new interface driver uvcvideo
[    1.782460] USB Video Class driver (1.1.1)
[    1.782718] CamSys driver version: v0.48.0, CamSys head file version: v1.0.0
[    1.784073] test_power_init: could not find dev node
[    1.794976] Boot mode: coldboot
[    1.796565] rockchip-thermal ff280000.tsadc: Missing tshut mode property, using default (cru)
[    1.796671] rockchip-thermal ff280000.tsadc: Missing tshut-polarity property, using default (low)
[    1.797050] rk_tsadcv2_temp_to_code: Invalid conversion table: code=4095, temperature=2147483647
[    1.797511] rockchip-thermal ff280000.tsadc: tsadc is probed successfully!
[    1.799611] rockchip-pinctrl pinctrl: pin gpio3-5 already requested by ff178000.serial; cannot claim for watchdog
[    1.799720] rockchip-pinctrl pinctrl: pin-101 (watchdog) status -22
[    1.799940] rockchip-pinctrl pinctrl: could not request pin 101 (gpio3-5) from group gpio3-a5  on device rockchip-pinctrl
[    1.800149] gpio-wdt watchdog: Error applying setting, reverse things back
[    1.800502] of_get_named_gpiod_flags: parsed 'gpios' property of node '/watchdog[0]' - status (0)
[    1.800654] of_get_named_gpiod_flags: parsed 'en-gpio' property of node '/watchdog[0]' - status (0)
[    1.802453] device-mapper: uevent: version 1.0.3
[    1.803357] device-mapper: ioctl: 4.34.0-ioctl (2015-10-28) initialised: dm-devel@redhat.com
[    1.803757] device-mapper: verity-avb: AVB error handler initialized with vbmeta device: 
[    1.803918] Bluetooth: HCI UART driver ver 2.3
[    1.804105] Bluetooth: HCI UART protocol H4 registered
[    1.804340] Bluetooth: HCI UART protocol LL registered
[    1.804567] rtk_btusb: RTKBT_RELEASE_NAME: 20180702_BT_ANDROID_8.1
[    1.804771] rtk_btusb: Realtek Bluetooth USB driver module init, version 4.1.5
[    1.804988] rtk_btusb: Register usb char device interface for BT driver
[    1.805674] usbcore: registered new interface driver rtk_btusb
[    1.806638] cpu cpu0: bin=0
[    1.806779] cpu cpu0: leakage=5
[    1.822897] cpu cpu0: temp=31818, pvtm=51445 (50941 + 504)
[    1.825919] cpu cpu0: pvtm-volt-sel=1
[    1.826117] cpu cpu0: bin-scale=13
[    1.829841] cpu cpu0: avs=1
[    1.830110] cpu cpu0: l=0 h=2147483647 hyst=5000 l_limit=1248000000 h_limit=0
[    1.834348] cpu cpu0: failed to find power_model node
[    1.835952] sdhci: Secure Digital Host Controller Interface driver
[    1.836042] sdhci: Copyright(c) Pierre Ossman
[    1.836271] Synopsys Designware Multimedia Card Interface Driver
[    1.838704] dwmmc_rockchip ff380000.dwmmc: num-slots property not found, assuming 1 slot is available
[    1.838991] dwmmc_rockchip ff380000.dwmmc: IDMAC supports 32-bit address mode.
[    1.839340] dwmmc_rockchip ff380000.dwmmc: Using internal DMA controller.
[    1.839560] dwmmc_rockchip ff380000.dwmmc: Version ID is 270a
[    1.839851] dwmmc_rockchip ff380000.dwmmc: DW MMC controller at irq 27,32 bit host data width,256 deep fifo
[    1.840103] dwmmc_rockchip ff380000.dwmmc: No vmmc regulator found
[    1.840208] dwmmc_rockchip ff380000.dwmmc: No vqmmc regulator found
[    1.840442] dwmmc_rockchip ff380000.dwmmc: GPIO lookup for consumer wp
[    1.840461] dwmmc_rockchip ff380000.dwmmc: using device tree for GPIO lookup
[    1.840484] of_get_named_gpiod_flags: can't parse 'wp-gpios' property of node '/dwmmc@ff380000[0]'
[    1.840504] of_get_named_gpiod_flags: can't parse 'wp-gpio' property of node '/dwmmc@ff380000[0]'
[    1.840523] dwmmc_rockchip ff380000.dwmmc: using lookup tables for GPIO lookup
[    1.840542] dwmmc_rockchip ff380000.dwmmc: lookup for GPIO wp failed
[    1.840971] platform sdio-pwrseq: GPIO lookup for consumer reset
[    1.840992] platform sdio-pwrseq: using device tree for GPIO lookup
[    1.841141] of_get_named_gpiod_flags: parsed 'reset-gpios' property of node '/sdio-pwrseq[0]' - status (0)
[    1.841218] dwmmc_rockchip ff380000.dwmmc: allocated mmc-pwrseq
[    1.854896] mmc_host mmc0: Bus speed (slot 0) = 400000Hz (slot req 400000Hz, actual 400000HZ div = 0)
[    1.867959] dwmmc_rockchip ff380000.dwmmc: 1 slots initialized
[    1.869089] dwmmc_rockchip ff390000.dwmmc: IDMAC supports 32-bit address mode.
[    1.869368] dwmmc_rockchip ff390000.dwmmc: Using internal DMA controller.
[    1.869458] dwmmc_rockchip ff390000.dwmmc: Version ID is 270a
[    1.869739] dwmmc_rockchip ff390000.dwmmc: DW MMC controller at irq 28,32 bit host data width,256 deep fifo
[    1.870987] dwmmc_rockchip ff390000.dwmmc: No vmmc regulator found
[    1.873254] dwmmc_rockchip ff390000.dwmmc: No vqmmc regulator found
[    1.873489] dwmmc_rockchip ff390000.dwmmc: GPIO lookup for consumer wp
[    1.873508] dwmmc_rockchip ff390000.dwmmc: using device tree for GPIO lookup
[    1.873531] of_get_named_gpiod_flags: can't parse 'wp-gpios' property of node '/dwmmc@ff390000[0]'
[    1.873551] of_get_named_gpiod_flags: can't parse 'wp-gpio' property of node '/dwmmc@ff390000[0]'
[    1.873569] dwmmc_rockchip ff390000.dwmmc: using lookup tables for GPIO lookup
[    1.873589] dwmmc_rockchip ff390000.dwmmc: lookup for GPIO wp failed
[    1.885020] mmc_host mmc1: Bus speed (slot 0) = 400000Hz (slot req 400000Hz, actual 400000HZ div = 0)
[    1.897980] dwmmc_rockchip ff390000.dwmmc: 1 slots initialized
[    1.898079] mmc0: queuing unknown CIS tuple 0x80 (2 bytes)
[    1.899892] mmc0: queuing unknown CIS tuple 0x80 (3 bytes)
[    1.901535] mmc0: queuing unknown CIS tuple 0x80 (3 bytes)
[    1.902025] sdhci-pltfm: SDHCI platform and OF driver helper
[    1.903464] aw9523b_leds_probe Enter!
[    1.903552] aw9523b-leds 0-005b: GPIO lookup for consumer power
[    1.903571] aw9523b-leds 0-005b: using device tree for GPIO lookup
[    1.903593] of_get_named_gpiod_flags: can't parse 'power-gpios' property of node '/i2c@ff180000/aw9523b@5b[0]'
[    1.903613] of_get_named_gpiod_flags: can't parse 'power-gpio' property of node '/i2c@ff180000/aw9523b@5b[0]'
[    1.903631] aw9523b-leds 0-005b: using lookup tables for GPIO lookup
[    1.903652] aw9523b-leds 0-005b: lookup for GPIO power failed
[    1.903666] gpiod_direction_output: invalid GPIO
[    1.904511] mmc0: queuing unknown CIS tuple 0x80 (7 bytes)
[    1.907835] aw9523b-leds 0-005b: GPIO lookup for consumer reset
[    1.907858] aw9523b-leds 0-005b: using device tree for GPIO lookup
[    1.907879] of_get_named_gpiod_flags: can't parse 'reset-gpios' property of node '/i2c@ff180000/aw9523b@5b[0]'
[    1.907898] of_get_named_gpiod_flags: can't parse 'reset-gpio' property of node '/i2c@ff180000/aw9523b@5b[0]'
[    1.907917] aw9523b-leds 0-005b: using lookup tables for GPIO lookup
[    1.907935] aw9523b-leds 0-005b: lookup for GPIO reset failed
[    1.907948] gpiod_direction_output: invalid GPIO
[    1.908001] gpiod_direction_output: invalid GPIO
[    1.908058] mmc0: queuing unknown CIS tuple 0x81 (9 bytes)
[    1.908094] aw9523b_leds_probe parse gpio_out_drv:1
[    1.908636] leds-aw9523 read id: 0x23
[    1.920927] hidraw: raw HID events driver (C) Jiri Kosina
[    1.927622] usbcore: registered new interface driver usbhid
[    1.927687] usbhid: USB HID core driver
[    1.928082] inv_mpu_iio: inv_mpu_init:746
[    1.929952] ashmem: initialized
[    1.939579] rockchip-dmc dmc: unable to get devfreq-event device : dfi
[    1.946528] optee: probing for conduit method from DT.
[    1.948030] optee: initialized driver
[    1.948096] rknandbase v1.2 2018-05-08
[    1.948977] rknand ff3b0000.nandc: rknand_probe clk rate = 150000000
[    1.949611] ftl_init fffffffe
[    1.949632] rk_ftl_init fail
[    1.950565] usbcore: registered new interface driver snd-usb-audio
[    1.954202] rk817-codec rk817-codec: GPIO lookup for consumer hp-ctl
[    1.954239] rk817-codec rk817-codec: using device tree for GPIO lookup
[    1.954263] of_get_named_gpiod_flags: can't parse 'hp-ctl-gpios' property of node '/i2c@ff180000/pmic@20/codec[0]'
[    1.954284] of_get_named_gpiod_flags: can't parse 'hp-ctl-gpio' property of node '/i2c@ff180000/pmic@20/codec[0]'
[    1.954303] rk817-codec rk817-codec: using lookup tables for GPIO lookup
[    1.954322] rk817-codec rk817-codec: lookup for GPIO hp-ctl failed
[    1.954344] rk817-codec rk817-codec: GPIO lookup for consumer spk-ctl
[    1.954361] rk817-codec rk817-codec: using device tree for GPIO lookup
[    1.954534] of_get_named_gpiod_flags: parsed 'spk-ctl-gpios' property of node '/i2c@ff180000/pmic@20/codec[0]' - status (0)
[    1.960846] mmc_host mmc1: Bus speed (slot 0) = 150000000Hz (slot req 150000000Hz, actual 150000000HZ div = 0)
[    1.965357] u32 classifier
[    1.965410] Actions configured
[    1.965528] Netfilter messages via NETLINK v0.30.
[    1.965688] nf_conntrack version 0.5.0 (7610 buckets, 30440 max)
[    1.966682] ctnetlink v0.93: registering with nfnetlink.
[    1.968434] xt_time: kernel timezone is -0000
[    1.968822] IPv4 over IPsec tunneling driver
[    1.970582] ip_tables: (C) 2000-2006 Netfilter Core Team
[    1.971318] arp_tables: (C) 2002 David S. Miller
[    1.971605] Initializing XFRM netlink socket
[    1.973230] NET: Registered protocol family 10
[    1.976127] mip6: Mobile IPv6
[    1.976283] ip6_tables: (C) 2000-2006 Netfilter Core Team
[    1.978779] sit: IPv6 over IPv4 tunneling driver
[    1.980744] NET: Registered protocol family 17
[    1.980851] NET: Registered protocol family 15
[    1.981185] bridge: automatic filtering via arp/ip/ip6tables has been deprecated. Update your scripts to load br_netfilter if you need this.
[    1.981579] Bridge firewalling registered
[    1.981627] Ebtables v2.0 registered
[    1.981965] Bluetooth: RFCOMM TTY layer initialized
[    1.982016] Bluetooth: RFCOMM socket layer initialized
[    1.982105] Bluetooth: RFCOMM ver 1.11
[    1.982161] Bluetooth: BNEP (Ethernet Emulation) ver 1.3
[    1.982190] Bluetooth: BNEP filters: protocol multicast
[    1.982219] Bluetooth: BNEP socket layer initialized
[    1.982249] Bluetooth: HIDP (Human Interface Emulation) ver 1.2
[    1.982271] Bluetooth: HIDP socket layer initialized
[    1.982353] l2tp_core: L2TP core driver, V2.0
[    1.982407] l2tp_ppp: PPPoL2TP kernel driver, V2.0
[    1.982439] [WLAN_RFKILL]: Enter rfkill_wlan_init
[    1.983047] [WLAN_RFKILL]: Enter rfkill_wlan_probe
[    1.983070] [WLAN_RFKILL]: can't find rockchip,grf property
[    1.983091] [WLAN_RFKILL]: wlan_platdata_parse_dt: wifi_chip_type = AP6210
[    1.983106] [WLAN_RFKILL]: wlan_platdata_parse_dt: enable wifi power control.
[    1.983122] [WLAN_RFKILL]: wlan_platdata_parse_dt: wifi power controled by gpio.
[    1.983142] of_get_named_gpiod_flags: can't parse 'WIFI,poweren_gpio' property of node '/wireless-wlan[0]'
[    1.983159] of_get_named_gpiod_flags: can't parse 'WIFI,vbat_gpio' property of node '/wireless-wlan[0]'
[    1.983177] of_get_named_gpiod_flags: can't parse 'WIFI,reset_gpio' property of node '/wireless-wlan[0]'
[    1.983340] of_get_named_gpiod_flags: parsed 'WIFI,host_wake_irq' property of node '/wireless-wlan[0]' - status (0)
[    1.983358] [WLAN_RFKILL]: wlan_platdata_parse_dt: get property: WIFI,host_wake_irq = 10, flags = 0.
[    1.983398] [WLAN_RFKILL]: wlan_platdata_parse_dt: The ref_wifi_clk not found !
[    1.983416] [WLAN_RFKILL]: rfkill_wlan_probe: init gpio
[    1.983436] [WLAN_RFKILL]: Exit rfkill_wlan_probe
[    1.983614] [BT_RFKILL]: Enter rfkill_rk_init
[    1.984534] of_get_named_gpiod_flags: parsed 'uart_rts_gpios' property of node '/wireless-bluetooth[0]' - status (0)
[    1.984560] [BT_RFKILL]: bluetooth_platdata_parse_dt: get property: uart_rts_gpios = 51.
[    1.984611] of_get_named_gpiod_flags: can't parse 'BT,power_gpio' property of node '/wireless-bluetooth[0]'
[    1.984661] of_get_named_gpiod_flags: parsed 'BT,reset_gpio' property of node '/wireless-bluetooth[0]' - status (0)
[    1.984677] [BT_RFKILL]: bluetooth_platdata_parse_dt: get property: BT,reset_gpio = 72.
[    1.984726] of_get_named_gpiod_flags: parsed 'BT,wake_gpio' property of node '/wireless-bluetooth[0]' - status (0)
[    1.984742] [BT_RFKILL]: bluetooth_platdata_parse_dt: get property: BT,wake_gpio = 1.
[    1.984801] of_get_named_gpiod_flags: parsed 'BT,wake_host_irq' property of node '/wireless-bluetooth[0]' - status (0)
[    1.984819] [BT_RFKILL]: bluetooth_platdata_parse_dt: get property: BT,wake_host_irq = 11.
[    1.985510] [BT_RFKILL]: Request irq for bt wakeup host
[    1.985642] [BT_RFKILL]: ** disable irq
[    1.985982] [BT_RFKILL]: bt_default device registered.
[    1.986449] sensor_register_slave:mpu6500_gyro,id=49
[    1.986495] sensor_register_slave:mpu6880_gyro,id=50
[    1.987127] gc5025 2-0037: driver version: 00.01.01
[    1.987287] gc5025 2-0037: GPIO lookup for consumer reset
[    1.987308] gc5025 2-0037: using device tree for GPIO lookup
[    1.987333] of_get_named_gpiod_flags: can't parse 'reset-gpios' property of node '/i2c@ff1a0000/gc5025@37[0]'
[    1.987353] of_get_named_gpiod_flags: can't parse 'reset-gpio' property of node '/i2c@ff1a0000/gc5025@37[0]'
[    1.987371] gc5025 2-0037: using lookup tables for GPIO lookup
[    1.987390] gc5025 2-0037: lookup for GPIO reset failed
[    1.987410] gc5025 2-0037: Failed to get reset-gpios
[    1.987441] gc5025 2-0037: GPIO lookup for consumer pwdn
[    1.987458] gc5025 2-0037: using device tree for GPIO lookup
[    1.987554] of_get_named_gpiod_flags: parsed 'pwdn-gpios' property of node '/i2c@ff1a0000/gc5025@37[0]' - status (0)
[    1.989646] gc5025 2-0037: could not get default pinstate
[    1.989689] gc5025 2-0037: could not get sleep pinstate
[    1.992832] gc5025 2-0037: gc5025 read reg:0xf0 failed !
[    1.993034] gc5025 2-0037: gc5025 read reg:0xf1 failed !
[    1.993068] gc5025 2-0037: Unexpected sensor id(000000), ret(-6)
[    1.997614] Registered cp15_barrier emulation handler
[    1.997798] Registered setend emulation handler
[    1.999797] registered taskstats version 1
[    2.000039] mmc_host mmc0: Bus speed (slot 0) = 50000000Hz (slot req 50000000Hz, actual 50000000HZ div = 0)
[    2.003803] mmc0: new high speed SDIO card at address 0001
[    2.003809] Key type encrypted registered
[    2.005478] rockchip ion idev is NULL
[    2.005537] rga2 ff480000.rk_rga: rga ion client create success!
[    2.006051] rga2: Driver loaded successfully ver:4.00
[    2.006400] rga2: Module initialized.
[    2.007266] [drm] Rockchip DRM driver version: v1.0.1
[    2.007955] rockchip-drm display-subsystem: devfreq is not set
[    2.009070] rockchip-drm display-subsystem: bound ff460000.vop (ops vop_component_ops)
[    2.009423] rockchip-drm display-subsystem: bound ff470000.vop (ops vop_component_ops)
[    2.009484] rockchip-drm display-subsystem: failed to bind ff450000.dsi (ops dw_mipi_dsi_ops): -517
[    2.010023] rockchip-drm display-subsystem: master bind failed: -517
[    2.010850] panel-simple-dsi ff450000.dsi.0: GPIO lookup for consumer enable
[    2.010877] panel-simple-dsi ff450000.dsi.0: using device tree for GPIO lookup
[    2.010900] of_get_named_gpiod_flags: can't parse 'enable-gpios' property of node '/dsi@ff450000/panel@0[0]'
[    2.010921] of_get_named_gpiod_flags: can't parse 'enable-gpio' property of node '/dsi@ff450000/panel@0[0]'
[    2.010940] panel-simple-dsi ff450000.dsi.0: using lookup tables for GPIO lookup
[    2.010959] panel-simple-dsi ff450000.dsi.0: lookup for GPIO enable failed
[    2.010981] panel-simple-dsi ff450000.dsi.0: GPIO lookup for consumer reset
[    2.010999] panel-simple-dsi ff450000.dsi.0: using device tree for GPIO lookup
[    2.011018] of_get_named_gpiod_flags: can't parse 'reset-gpios' property of node '/dsi@ff450000/panel@0[0]'
[    2.011037] of_get_named_gpiod_flags: can't parse 'reset-gpio' property of node '/dsi@ff450000/panel@0[0]'
[    2.011055] panel-simple-dsi ff450000.dsi.0: using lookup tables for GPIO lookup
[    2.011074] panel-simple-dsi ff450000.dsi.0: lookup for GPIO reset failed
[    2.013252] aht10 4-0038: aht10_reg_read:i2c read error
[    2.013299] [AHT10] aht10_init_events: try [2] cal_enable=0.
[    2.014313] aht10 4-0038: aht10_i2c_write:i2c write error
[    2.014671] input: adc-keys as /devices/platform/adc-keys/input/input2
[    2.016735] rockchip-dmc dmc: current ATF version 0x105!
[    2.016790] rockchip-dmc dmc: read tf version 0x105!
[    2.020335] rockchip-dmc dmc: Failed to get leakage
[    2.021174] rockchip-dmc dmc: pvtm-volt-sel=1
[    2.022150] rockchip-dmc dmc: avs=0
[    2.022234] rockchip-dmc dmc: failed to get vop bandwidth to dmc rate
[    2.022257] rockchip-dmc dmc: failed to get vop pn to msch rl
[    2.022706] rockchip-dmc dmc: l=-2147483648 h=2147483647 hyst=0 l_limit=0 h_limit=0
[    2.027073] devfreq dmc: Couldn't update frequency transition information.
[    2.028293] of_get_named_gpiod_flags: can't parse 'simple-audio-card,hp-det-gpio' property of node '/rk809-sound[0]'
[    2.028329] of_get_named_gpiod_flags: can't parse 'simple-audio-card,mic-det-gpio' property of node '/rk809-sound[0]'
[    2.034806] asoc-simple-card rk809-sound: rk817-hifi <-> ff070000.i2s mapping ok
[    2.036118] asoc-simple-card rk809-sound: rk817-voice <-> ff0a0000.pdm mapping ok
[    2.036195] asoc-simple-card rk809-sound: ASoC: no source widget found for MICBIAS1
[    2.036229] asoc-simple-card rk809-sound: ASoC: Failed to add route MICBIAS1 -> direct -> Mic Jack
[    2.036252] asoc-simple-card rk809-sound: ASoC: no sink widget found for IN1P
[    2.036274] asoc-simple-card rk809-sound: ASoC: Failed to add route Mic Jack -> direct -> IN1P
[    2.036296] asoc-simple-card rk809-sound: ASoC: no source widget found for HPOL
[    2.036318] asoc-simple-card rk809-sound: ASoC: Failed to add route HPOL -> direct -> Headphone Jack
[    2.036339] asoc-simple-card rk809-sound: ASoC: no source widget found for HPOR
[    2.036361] asoc-simple-card rk809-sound: ASoC: Failed to add route HPOR -> direct -> Headphone Jack
[    2.042945] [drm] Rockchip DRM driver version: v1.0.1
[    2.043544] rockchip-drm display-subsystem: devfreq is not set
[    2.044604] rockchip-drm display-subsystem: bound ff460000.vop (ops vop_component_ops)
[    2.045039] rockchip-drm display-subsystem: bound ff470000.vop (ops vop_component_ops)
[    2.045220] rockchip-drm display-subsystem: bound ff450000.dsi (ops dw_mipi_dsi_ops)
[    2.045245] [drm] Supports vblank timestamp caching Rev 2 (21.10.2013).
[    2.045270] [drm] No driver support for vblank timestamp query.
[    2.083069] rockchip-drm display-subsystem: fb0:  frame buffer device
[    2.096645] [ALS/PS/GS] stk3420_init
[    2.096827] [ALS/PS/GS] stk3420_i2c_probe enter!
[    2.097041] sensortek,stk3420 2-0058: stk3420_reg_read:i2c read error
[    2.097074] sensortek,stk3420: probe of 2-0058 failed with error -12
[    2.100304] rk808-rtc rk808-rtc: setting system clock to 2017-08-05 09:00:03 UTC (1501923603)
[    2.102107] It doesn't contain Rogue gpu
[    2.118870] I : [File] : drivers/gpu/arm/mali400/mali/linux/mali_kernel_linux.c; [Line] : 417; [Func] : mali_module_init(); svn_rev_string_from_arm of this mali_ko is '', rk_ko_ver is '5', built at '19:57:10', on 'Mar 14 2020'.
[    2.119963] Mali: Mali device driver loaded
[    2.121357] input: rk29-keypad as /devices/platform/headset-det/input/input3
[    2.122378] rkisp1 ff4a0000.rkisp1: clear unready subdev num: 1
[    2.123348] rockchip-mipi-dphy-rx: No link between dphy and sensor
[    2.123408] rkisp1 ff4a0000.rkisp1: failed to get fmt for rockchip-mipi-dphy-rx
[    2.124034] ALSA device list:
[    2.124093] #0: rockchip,rk809-codec
[    2.124703] Waiting 1 sec before mounting root device...
[    2.516191] aht10 4-0038: aht10_reg_read:i2c read error
[    2.516269] [AHT10] aht10_init_events: try [3] cal_enable=0.
[    2.517618] aht10 4-0038: aht10_i2c_write:i2c write error
[    2.592791] dwmmc_rockchip ff390000.dwmmc: Successfully tuned phase to 47
[    2.593086] mmc1: new HS200 MMC card at address 0001
[    2.594676] mmcblk1: mmc1:0001 8GTF4R 7.28 GiB 
[    2.595400] mmcblk1boot0: mmc1:0001 8GTF4R partition 1 4.00 MiB
[    2.596229] mmcblk1boot1: mmc1:0001 8GTF4R partition 2 4.00 MiB
[    2.597060] mmcblk1rpmb: mmc1:0001 8GTF4R partition 3 512 KiB
[    2.603954] mmcblk1: p1 p2 p3 p4 p5 p6 p7 p8 p9 p10 p11 p12 p13 p14 p15 p16 p17
[    3.016878] vendor storage:20190527 ret = 0
[    3.019223] aht10 4-0038: aht10_reg_read:i2c read error
[    3.019275] [AHT10] aht10_init_events: try [4] cal_enable=0.
[    3.129526] EXT4-fs (mmcblk1p12): couldn't mount as ext3 due to feature incompatibilities
[    3.130427] EXT4-fs (mmcblk1p12): couldn't mount as ext2 due to feature incompatibilities
[    3.136998] EXT4-fs (mmcblk1p12): mounted filesystem without journal. Opts: (null)
[    3.137176] VFS: Mounted root (ext4 filesystem) readonly on device 179:12.
[    3.137999] Freeing unused kernel memory: 768K
[    3.186586] init: init first stage started!
[    3.188700] init: Using Android DT directory /proc/device-tree/firmware/android/
[    3.306396] init: [libfs_mgr]Returning avb_handle with status: 3
[    3.306511] init: [libfs_mgr]AVB HASHTREE disabled on: /vendor
[    3.309898] EXT4-fs (mmcblk1p14): mounted filesystem without journal. Opts: barrier=1,inode_readahead_blks=8
[    3.310107] init: [libfs_mgr]__mount(source=/dev/block/by-name/vendor,target=/vendor,type=ext4)=0: Success
[    3.310697] init: Skipped setting INIT_AVB_VERSION (not in recovery mode)
[    3.311222] init: Loading SELinux policy
[    3.328389] SELinux: 8192 avtab hash slots, 18314 rules.
[    3.344323] SELinux: 8192 avtab hash slots, 18314 rules.
[    3.344364] SELinux:  1 users, 4 roles, 1359 types, 0 bools, 1 sens, 1024 cats
[    3.344378] SELinux:  93 classes, 18314 rules
[    3.348074] SELinux:  Completing initialization.
[    3.348101] SELinux:  Setting up existing superblocks.
[    3.472508] audit: type=1403 audit(1501923604.870:2): policy loaded auid=4294967295 ses=4294967295
[    3.472912] selinux: SELinux: Loaded policy from /vendor/etc/selinux/precompiled_sepolicy\x0a
[    3.482731] selinux: SELinux: Loaded file_contexts\x0a
[    3.485935] random: init: uninitialized urandom read (40 bytes read, 52 bits of entropy available)
[    3.490962] init: init second stage started!
[    3.529118] init: Using Android DT directory /proc/device-tree/firmware/android/
[    3.532180] init: Init cannot set 'ro.boot.selinux' to 'permissive': Read-only property was already set
[    3.537194] selinux: SELinux: Loaded file_contexts\x0a
[    3.537325] init: Running restorecon...
[    3.553802] init: waitid failed: No child processes
[    3.559664] init: Couldn't load property file '/odm/default.prop': open() failed: No such file or directory: No such file or directory
[    3.562360] selinux: avc:  denied  { set } for  scontext=u:r:vendor_init:s0 tcontext=u:object_r:exported_secure_prop:s0 tclass=property_service permissive=1\x0a
[    3.562695] selinux: avc:  denied  { set } for  scontext=u:r:vendor_init:s0 tcontext=u:object_r:default_prop:s0 tclass=property_service permissive=1\x0a
[    3.563857] init: Created socket '/dev/socket/property_service', mode 666, user 0, group 0
[    3.565561] init: Forked subcontext for 'u:r:vendor_init:s0' with pid 183
[    3.566868] init: Forked subcontext for 'u:r:vendor_init:s0' with pid 184
[    3.567393] init: Parsing file /init.rc...
[    3.568086] random: init: uninitialized urandom read (40 bytes read, 53 bits of entropy available)
[    3.568896] random: init: uninitialized urandom read (40 bytes read, 53 bits of entropy available)
[    3.569405] init: Added '/init.environ.rc' to import list
[    3.569500] init: Added '/init.usb.rc' to import list
[    3.569613] init: Added '/init.rk30board.rc' to import list
[    3.569674] init: Added '/vendor/etc/init/hw/init.rk30board.rc' to import list
[    3.569726] init: Added '/init.usb.configfs.rc' to import list
[    3.569776] init: Added '/init.zygote64_32.rc' to import list
[    3.573522] init: Parsing file /init.environ.rc...
[    3.574716] init: Parsing file /init.usb.rc...
[    3.576468] init: Parsing file /init.rk30board.rc...
[    3.576620] init: Unable to read config file '/init.rk30board.rc': open() failed: No such file or directory
[    3.576675] init: /init.rc: 9: Could not import file '/init.rk30board.rc': No such file or directory
[    3.579643] init: Parsing file /vendor/etc/init/hw/init.rk30board.rc...
[    3.580607] init: Added '/vendor/etc/init/hw/init.rockchip.rc' to import list
[    3.580686] init: Added '/vendor/etc/init/hw/init.connectivity.rc' to import list
[    3.580724] init: Added '/vendor/etc/init/hw/init.box.samba.rc' to import list
[    3.580782] init: Added '/vendor/etc/init/hw/init.rk3326.rc' to import list
[    3.580828] init: Added '/vendor/etc/init/hw/init.tablet.rc' to import list
[    3.580858] init: Added '/vendor/etc/init/hw/init.car.rc' to import list
[    3.580887] init: Added '/vendor/etc/init/hw/init.optee.rc' to import list
[    3.580925] init: Added '/vendor/etc/init/hw/init.root.rc' to import list
[    3.582343] init: /vendor/etc/init/hw/init.rk30board.rc: 341: ParseTriggers() failed: unexported property tigger found: persist.sys.adb_enable
[    3.582444] init: /vendor/etc/init/hw/init.rk30board.rc: 344: ParseTriggers() failed: unexported property tigger found: persist.sys.adb_enable
[    3.583216] init: Parsing file /vendor/etc/init/hw/init.rockchip.rc...
[    3.583911] init: Added '/vendor/etc/init/hw/init.rk30board.usb.rc' to import list
[    3.583983] init: Added '/vendor/etc/init/hw/init.rk30board.environment.rc' to import list
[    3.584013] init: Added '/vendor/etc/init/hw/init.debug.rc' to import list
[    3.585375] init: Parsing file /vendor/etc/init/hw/init.rk30board.usb.rc...
[    3.586495] init: /vendor/etc/init/hw/init.rk30board.usb.rc: 78: ParseTriggers() failed: unexported property tigger found: init.svc.adbd
[    3.587494] init: Parsing file /vendor/etc/init/hw/init.rk30board.environment.rc...
[    3.588140] init: Parsing file /vendor/etc/init/hw/init.debug.rc...
[    3.588249] init: Unable to read config file '/vendor/etc/init/hw/init.debug.rc': open() failed: No such file or directory
[    3.588291] init: /init.rc: 3: Could not import file '/vendor/etc/init/hw/init.debug.rc': No such file or directory
[    3.588827] init: Parsing file /vendor/etc/init/hw/init.connectivity.rc...
[    3.590786] init: Parsing file /vendor/etc/init/hw/init.box.samba.rc...
[    3.590922] init: Unable to read config file '/vendor/etc/init/hw/init.box.samba.rc': open() failed: No such file or directory
[    3.590967] init: /init.rc: 3: Could not import file '/vendor/etc/init/hw/init.box.samba.rc': No such file or directory
[    3.591656] init: Parsing file /vendor/etc/init/hw/init.rk3326.rc...
[    3.592391] init: Parsing file /vendor/etc/init/hw/init.tablet.rc...
[    3.592488] init: Unable to read config file '/vendor/etc/init/hw/init.tablet.rc': open() failed: No such file or directory
[    3.592539] init: /init.rc: 5: Could not import file '/vendor/etc/init/hw/init.tablet.rc': No such file or directory
[    3.592588] init: Parsing file /vendor/etc/init/hw/init.car.rc...
[    3.592636] init: Unable to read config file '/vendor/etc/init/hw/init.car.rc': open() failed: No such file or directory
[    3.592666] init: /init.rc: 6: Could not import file '/vendor/etc/init/hw/init.car.rc': No such file or directory
[    3.593086] init: Parsing file /vendor/etc/init/hw/init.optee.rc...
[    3.593696] init: Parsing file /vendor/etc/init/hw/init.root.rc...
[    3.593799] init: Unable to read config file '/vendor/etc/init/hw/init.root.rc': open() failed: No such file or directory
[    3.593841] init: /init.rc: 8: Could not import file '/vendor/etc/init/hw/init.root.rc': No such file or directory
[    3.594042] init: Parsing file /init.usb.configfs.rc...
[    3.596323] init: Parsing file /init.zygote64_32.rc...
[    3.597520] init: Parsing directory /system/etc/init...
[    3.598492] init: Parsing file /system/etc/init/android.hidl.allocator@1.0-service.rc...
[    3.599187] init: Parsing file /system/etc/init/atrace.rc...
[    3.600573] init: Parsing file /system/etc/init/atrace_userdebug.rc...
[    3.601518] init: Parsing file /system/etc/init/audioserver.rc...
[    3.602375] init: Parsing file /system/etc/init/blank_screen.rc...
[    3.603041] init: Parsing file /system/etc/init/bootanim.rc...
[    3.603750] init: Parsing file /system/etc/init/bootstat-debug.rc...
[    3.604381] init: Parsing file /system/etc/init/bootstat.rc...
[    3.605653] init: Parsing file /system/etc/init/cameraserver.rc...
[    3.606755] init: Parsing file /system/etc/init/drmserver.rc...
[    3.607690] init: Parsing file /system/etc/init/dumpstate.rc...
[    3.608764] init: Parsing file /system/etc/init/gatekeeperd.rc...
[    3.609592] init: Parsing file /system/etc/init/healthd.rc...
[    3.610387] init: Parsing file /system/etc/init/hwservicemanager.rc...
[    3.611281] init: Parsing file /system/etc/init/incidentd.rc...
[    3.612242] init: Parsing file /system/etc/init/init-debug.rc...
[    3.612906] init: Parsing file /system/etc/init/installd.rc...
[    3.614097] init: Parsing file /system/etc/init/keystore.rc...
[    3.615010] init: Parsing file /system/etc/init/lmkd.rc...
[    3.615691] init: Parsing file /system/etc/init/logcatd.rc...
[    3.616691] init: Parsing file /system/etc/init/logd.rc...
[    3.617544] init: Parsing file /system/etc/init/logtagd.rc...
[    3.618392] init: Parsing file /system/etc/init/mdnsd.rc...
[    3.619074] init: Parsing file /system/etc/init/mediadrmserver.rc...
[    3.619693] init: Parsing file /system/etc/init/mediaextractor.rc...
[    3.620323] init: Parsing file /system/etc/init/mediametrics.rc...
[    3.620950] init: Parsing file /system/etc/init/mediaserver.rc...
[    3.621798] init: Parsing file /system/etc/init/mtpd.rc...
[    3.622614] init: Parsing file /system/etc/init/netd.rc...
[    3.623508] init: Parsing file /system/etc/init/perfetto.rc...
[    3.624630] init: Parsing file /system/etc/init/perfprofd.rc...
[    3.625536] init: Parsing file /system/etc/init/racoon.rc...
[    3.626289] init: Parsing file /system/etc/init/servicemanager.rc...
[    3.627098] init: Parsing file /system/etc/init/statsd.rc...
[    3.627980] init: Parsing file /system/etc/init/storaged.rc...
[    3.628845] init: Parsing file /system/etc/init/surfaceflinger.rc...
[    3.629707] init: Parsing file /system/etc/init/thermalservice.rc...
[    3.630421] init: Parsing file /system/etc/init/tombstoned.rc...
[    3.631201] init: Parsing file /system/etc/init/uncrypt.rc...
[    3.632105] init: Parsing file /system/etc/init/usbd.rc...
[    3.632834] init: Parsing file /system/etc/init/vdc.rc...
[    3.633643] init: Parsing file /system/etc/init/vold.rc...
[    3.634334] init: Parsing file /system/etc/init/wait_for_keymaster.rc...
[    3.635133] init: Parsing file /system/etc/init/wifi-events.rc...
[    3.636115] init: Parsing file /system/etc/init/wificond.rc...
[    3.637065] init: Parsing file /product/etc/init...
[    3.637179] init: Unable to read config file '/product/etc/init': open() failed: No such file or directory
[    3.637266] init: Parsing file /odm/etc/init...
[    3.637329] init: Unable to read config file '/odm/etc/init': open() failed: No such file or directory
[    3.637372] init: Parsing directory /vendor/etc/init...
[    3.637665] init: Parsing file /vendor/etc/init/android.hardware.audio@2.0-service.rc...
[    3.639891] init: Parsing file /vendor/etc/init/android.hardware.bluetooth@1.0-service.rc...
[    3.641318] init: Parsing file /vendor/etc/init/android.hardware.camera.provider@2.4-service.rc...
[    3.642332] init: Parsing file /vendor/etc/init/android.hardware.cas@1.0-service.rc...
[    3.643193] init: Parsing file /vendor/etc/init/android.hardware.configstore@1.1-service.rc...
[    3.644057] init: Parsing file /vendor/etc/init/android.hardware.drm@1.0-service.rc...
[    3.645080] init: Parsing file /vendor/etc/init/android.hardware.drm@1.1-service.clearkey.rc...
[    3.646027] init: Parsing file /vendor/etc/init/android.hardware.drm@1.1-service.widevine.rc...
[    3.647073] init: Parsing file /vendor/etc/init/android.hardware.gatekeeper@1.0-service.rc...
[    3.648063] init: Parsing file /vendor/etc/init/android.hardware.graphics.allocator@2.0-service.rc...
[    3.649068] init: Parsing file /vendor/etc/init/android.hardware.graphics.composer@2.1-service.rc...
[    3.650055] init: Parsing file /vendor/etc/init/android.hardware.health@2.0-service.rc...
[    3.650934] init: Parsing file /vendor/etc/init/android.hardware.keymaster@3.0-service.rc...
[    3.652193] init: Parsing file /vendor/etc/init/android.hardware.light@2.0-service.rc...
[    3.653706] init: Parsing file /vendor/etc/init/android.hardware.media.omx@1.0-service.rc...
[    3.655055] init: Parsing file /vendor/etc/init/android.hardware.memtrack@1.0-service.rc...
[    3.656014] init: Parsing file /vendor/etc/init/android.hardware.nfc@1.1-service.rc...
[    3.656869] init: Parsing file /vendor/etc/init/android.hardware.power@1.0-service.rc...
[    3.657686] init: Parsing file /vendor/etc/init/android.hardware.sensors@1.0-service.rc...
[    3.658684] init: Parsing file /vendor/etc/init/android.hardware.wifi@1.0-service.rc...
[    3.659576] init: Parsing file /vendor/etc/init/hostapd.android.rc...
[    3.661174] init: Parsing file /vendor/etc/init/init.rockchip.drmservice.rc...
[    3.662360] init: Parsing file /vendor/etc/init/vndservicemanager.rc...
[    3.663510] init: processing action (early-init) from (/init.rc:14)
[    3.671335] init: starting service 'ueventd'...
[    3.673328] init: processing action (early-init) from (/vendor/etc/init/hw/init.rk30board.rc:35)
[    3.676246] random: ueventd: uninitialized urandom read (40 bytes read, 59 bits of entropy available)
[    3.680807] ueventd: ueventd started!
[    3.685793] selinux: SELinux: Loaded file_contexts\x0a
[    3.686337] ueventd: Parsing file /ueventd.rc...
[    3.687931] ueventd: /ueventd.rc: 57: /dev/ lines must have 4 entries
[    3.689629] ueventd: Parsing file /vendor/ueventd.rc...
[    3.691279] ueventd: /vendor/ueventd.rc: 56: invalid gid 'net_bt_stack'
[    3.691517] ueventd: /vendor/ueventd.rc: 57: invalid gid 'net_bt_stack'
[    3.691647] ueventd: /vendor/ueventd.rc: 58: invalid gid 'net_bt_stack'
[    3.691853] ueventd: /vendor/ueventd.rc: 60: invalid gid 'net_bt_stack'
[    3.692342] ueventd: /vendor/ueventd.rc: 114: invalid gid 'trace'
[    3.693456] ueventd: Parsing file /odm/ueventd.rc...
[    3.693724] ueventd: Unable to read config file '/odm/ueventd.rc': open() failed: No such file or directory
[    3.694144] ueventd: Parsing file /ueventd.rk30board.rc...
[    3.694387] ueventd: Unable to read config file '/ueventd.rk30board.rc': open() failed: No such file or directory
[    3.771936] init: Command 'write /sys/devices/system/cpu/cpufreq/policy0/scaling_governor performance' action=early-init (/vendor/etc/init/hw/init.rk30board.rc:36) took 98ms and succeeded
[    3.773454] init: Command 'write /sys/class/devfreq/dmc/system_status p' action=early-init (/vendor/etc/init/hw/init.rk30board.rc:37) took 1ms and failed: Unable to write to file '/sys/class/devfreq/dmc/system_status': open() failed: Too many symbolic links encountered
[    3.773603] init: processing action (early-init) from (/vendor/etc/init/hw/init.rockchip.rc:5)
[    3.784255] init: starting service 'vendor.insmod_sh'...
[    3.786748] init: processing action (wait_for_coldboot_done) from (<Builtin Action>:0)
[    3.801994] random: init.insmod.sh: uninitialized urandom read (40 bytes read, 61 bits of entropy available)
[    3.847151] random: init.insmod.sh: uninitialized urandom read (40 bytes read, 63 bits of entropy available)
[    3.907729] random: insmod: uninitialized urandom read (40 bytes read, 64 bits of entropy available)
[    3.968153] random: insmod: uninitialized urandom read (40 bytes read, 65 bits of entropy available)
[    4.052523] ueventd: Coldboot took 0.356 seconds
[    4.062328] init: wait for '/dev/.coldboot_done' took 275ms
[    4.062608] init: Command 'wait_for_coldboot_done' action=wait_for_coldboot_done (<Builtin Action>:0) took 275ms and succeeded
[    4.062780] init: processing action (MixHwrngIntoLinuxRng) from (<Builtin Action>:0)
[    4.062975] init: /dev/hw_random not found
[    4.063077] init: processing action (SetMmapRndBits) from (<Builtin Action>:0)
[    4.064707] init: processing action (SetKptrRestrict) from (<Builtin Action>:0)
[    4.065201] init: processing action (keychord_init) from (<Builtin Action>:0)
[    4.065338] keychord: using input dev rk8xx_pwrkey for fevent
[    4.065359] keychord: using input dev adc-keys for fevent
[    4.065441] init: processing action (console_init) from (<Builtin Action>:0)
[    4.065523] init: processing action (init) from (/init.rc:41)
[    4.066350] init: Command 'copy /default.prop /dev/urandom' action=init (/init.rc:46) took 0ms and failed: Could not read input file '/default.prop': open() failed: Too many symbolic links encountered
[    4.108373] Registered swp emulation handler
[    4.110087] init: processing action (init) from (/init.environ.rc:2)
[    4.110277] init: processing action (init) from (/vendor/etc/init/hw/init.rk30board.rc:39)
[    4.111675] init: processing action (init) from (/vendor/etc/init/hw/init.rockchip.rc:19)
[    4.113876] init: processing action (init) from (/vendor/etc/init/hw/init.rk30board.environment.rc:1)
[    4.114104] init: processing action (init) from (/vendor/etc/init/hw/init.rk3326.rc:25)
[    4.120165] audit: type=1400 audit(1501923605.516:3): avc:  denied  { setattr } for  pid=183 comm="init" name="system_status" dev="sysfs" ino=19020 scontext=u:r:vendor_init:s0 tcontext=u:object_r:sysfs_dev:s0 tclass=lnk_file permissive=1
[    4.120627] init: processing action (StartBoringSslSelfTest) from (<Builtin Action>:0)
[    4.121596] init: processing action (MixHwrngIntoLinuxRng) from (<Builtin Action>:0)
[    4.121777] init: /dev/hw_random not found
[    4.121911] init: processing action (late-init) from (/init.rc:278)
[    4.122072] init: processing action (late-init) from (/system/etc/init/atrace.rc:3)
[    4.128861] init: processing action (queue_property_triggers) from (<Builtin Action>:0)
[    4.129992] init: processing action (fs) from (/vendor/etc/init/hw/init.rockchip.rc:36)
[    4.132282] mali ff400000.gpu: Failed to get leakage
[    4.132952] mali ff400000.gpu: pvtm-volt-sel=1
[    4.133198] init: [libfs_mgr]superblock s_max_mnt_count:65535,/dev/block/by-name/oem
[    4.133921] mali ff400000.gpu: avs=0
[    4.134019] W : [File] : drivers/gpu/arm/bifrost/platform/rk/mali_kbase_config_rk.c; [Line] : 113; [Func] : kbase_platform_rk_init(); power-off-delay-ms not available.
[    4.134574] EXT4-fs (mmcblk1p15): Ignoring removed nomblk_io_submit option
[    4.136194] EXT4-fs (mmcblk1p15): mounted filesystem without journal. Opts: errors=remount-ro,nomblk_io_submit
[    4.136769] init: [libfs_mgr]check_fs(): mount(/dev/block/by-name/oem,/oem,ext4)=0: Success
[    4.137942] mali ff400000.gpu: GPU identified as 0x3 arch 7.0.9 r0p0 status 0
[    4.138789] mali ff400000.gpu: l=0 h=2147483647 hyst=5000 l_limit=0 h_limit=0
[    4.138969] mali ff400000.gpu: Using configured power model mali-simple-power-model, and fallback mali-simple-power-model
[    4.143762] mali ff400000.gpu: Probed as mali0
[    4.150615] random: setprop: uninitialized urandom read (40 bytes read, 70 bits of entropy available)
[    4.156153] init: [libfs_mgr]check_fs(): unmount(/oem) succeeded
[    4.156527] init: [libfs_mgr]Running /system/bin/e2fsck on /dev/block/by-name/oem
[    4.168381] random: e2fsck: uninitialized urandom read (40 bytes read, 70 bits of entropy available)
[    4.220699] e2fsck: e2fsck 1.43.3 (04-Sep-2016)\x0a
[    4.220812] e2fsck: oem: clean, 15/32768 files, 1050/32768 blocks\x0a
[    4.223738] EXT4-fs (mmcblk1p15): mounted filesystem without journal. Opts: noauto_da_alloc
[    4.224257] init: [libfs_mgr]__mount(source=/dev/block/by-name/oem,target=/oem,type=ext4)=0: Success
[    4.225405] init: [libfs_mgr]superblock s_max_mnt_count:65535,/dev/block/by-name/metadata
[    4.225612] init: [libfs_mgr]Filesystem on /dev/block/by-name/metadata was not cleanly shutdown; state flags: 0x1, incompat feature flags: 0x246
[    4.226126] init: [libfs_mgr]check_fs(): mount(/dev/block/by-name/metadata,/mnt/vendor/metadata,ext4)=-1: No such file or directory
[    4.226192] init: [libfs_mgr]Running /system/bin/e2fsck on /dev/block/by-name/metadata
[    4.273523] e2fsck: e2fsck 1.43.3 (04-Sep-2016)\x0a
[    4.273653] e2fsck: /dev/block/by-name/metadata: recovering journal\x0a
[    4.273671] e2fsck: Pass 1: Checking inodes, blocks, and sizes\x0a
[    4.273690] e2fsck: Pass 2: Checking directory structure\x0a
[    4.273707] e2fsck: Pass 3: Checking directory connectivity\x0a
[    4.273747] e2fsck: Pass 4: Checking reference counts\x0a
[    4.273762] e2fsck: Pass 5: Checking group summary information\x0a
[    4.273780] e2fsck: /dev/block/by-name/metadata: 11/4096 files (9.1% non-contiguous), 1164/4096 blocks\x0a
[    4.280935] EXT4-fs (mmcblk1p13): mounted filesystem with ordered data mode. Opts: noauto_da_alloc,discard
[    4.281669] init: [libfs_mgr]__mount(source=/dev/block/by-name/metadata,target=/mnt/vendor/metadata,type=ext4)=0: Success
[    4.282632] init: [libfs_mgr]superblock s_max_mnt_count:65535,/dev/block/by-name/cache
[    4.282796] init: [libfs_mgr]Filesystem on /dev/block/by-name/cache was not cleanly shutdown; state flags: 0x1, incompat feature flags: 0x246
[    4.284010] EXT4-fs (mmcblk1p11): Ignoring removed nomblk_io_submit option
[    4.288497] EXT4-fs (mmcblk1p11): recovery complete
[    4.288976] EXT4-fs (mmcblk1p11): mounted filesystem with ordered data mode. Opts: errors=remount-ro,nomblk_io_submit
[    4.289507] init: [libfs_mgr]check_fs(): mount(/dev/block/by-name/cache,/cache,ext4)=0: Success
[    4.306373] init: [libfs_mgr]check_fs(): unmount(/cache) succeeded
[    4.306505] init: [libfs_mgr]Running /system/bin/e2fsck on /dev/block/by-name/cache
[    4.385887] e2fsck: e2fsck 1.43.3 (04-Sep-2016)\x0a
[    4.386018] e2fsck: Pass 1: Checking inodes, blocks, and sizes\x0a
[    4.386038] e2fsck: Pass 2: Checking directory structure\x0a
[    4.386056] e2fsck: Pass 3: Checking directory connectivity\x0a
[    4.386090] e2fsck: Pass 4: Checking reference counts\x0a
[    4.386106] e2fsck: Pass 5: Checking group summary information\x0a
[    4.386124] e2fsck: /dev/block/by-name/cache: 22/98304 files (0.0% non-contiguous), 7294/98304 blocks\x0a
[    4.389504] EXT4-fs (mmcblk1p11): mounted filesystem with ordered data mode. Opts: noauto_da_alloc,discard
[    4.390064] init: [libfs_mgr]__mount(source=/dev/block/by-name/cache,target=/cache,type=ext4)=0: Success
[    4.390362] init: [libfs_mgr]Running /system/bin/fsck.f2fs -a /dev/block/by-name/userdata
[    5.242398] random: nonblocking pool is initialized
[    5.442919] fsck.f2fs: Info: Fix the reported corruption.\x0a
[    5.443047] fsck.f2fs: \x09Info: No support kernel version!\x0a
[    5.443071] fsck.f2fs: Info: Segments per section = 1\x0a
[    5.443088] fsck.f2fs: Info: Sections per zone = 1\x0a
[    5.443113] fsck.f2fs: Info: sector size = 512\x0a
[    5.443130] fsck.f2fs: Info: total sectors = 7517151 (3670 MB)\x0a
[    5.443145] fsck.f2fs: Info: MKFS version\x0a
[    5.443161] fsck.f2fs:   "4.4.189 #39 SMP PREEMPT Sat Mar 14 19:58:23 CST 2020"\x0a
[    5.443176] fsck.f2fs: Info: FSCK version\x0a
[    5.443192] fsck.f2fs:   from "4.4.189 #39 SMP PREEMPT Sat Mar 14 19:58:23 CST 2020"\x0a
[    5.443208] fsck.f2fs:     to "4.4.189 #39 SMP PREEMPT Sat Mar 14 19:58:23 CST 2020"\x0a
[    5.443224] fsck.f2fs: Info: superblock features = 481 :  encrypt verity quota_ino\x0a
[    5.443240] fsck.f2fs: Info: superblock encrypt level = 0, salt = 00000000000000000000000000000000\x0a
[    5.443257] fsck.f2fs: Info: total FS sectors = 7517144 (3670 MB)\x0a
[    5.443272] fsck.f2fs: Info: CKPT version = d3d7a1f\x0a
[    5.443288] fsck.f2fs: Info: Write valid nat_bits in checkpoint\x0a
[    5.443305] fsck.f2fs: Info: checkpoint state = c4 :  nat_bits crc compacted_summary sudden-power-off\x0a
[    5.443326] fsck.f2fs: \x0a
[    5.443342] fsck.f2fs: [FSCK] Unreachable nat entries                        [Ok..] [0x0]\x0a
[    5.443359] fsck.f2fs: [FSCK] SIT valid block bitmap checking                [Ok..]\x0a
[    5.443375] fsck.f2fs: [FSCK] Hard link checking for regular file            [Ok..] [0x0]\x0a
[    5.443391] fsck.f2fs: [FSCK] valid_block_count matching with CP             [Ok..] [0x5c83]\x0a
[    5.443407] fsck.f2fs: [FSCK] valid_node_count matcing with CP (de lookup)   [Ok..] [0x6d1]\x0a
[    5.443424] fsck.f2fs: [FSCK] valid_node_count matcing with CP (nat lookup)  [Ok..] [0x6d1]\x0a
[    5.443440] fsck.f2fs: [FSCK] valid_inode_count matched with CP              [Ok..] [0x6c4]\x0a
[    5.443456] fsck.f2fs: [FSCK] free segment_count matched with CP             [Ok..] [0x6d4]\x0a
[    5.443472] fsck.f2fs: [FSCK] next block offset is free                      [Ok..]\x0a
[    5.443487] fsck.f2fs: [FSCK] fixing SIT types\x0a
[    5.443504] fsck.f2fs: [FSCK] other corrupted bugs                           [Ok..]\x0a
[    5.443530] fsck.f2fs: \x0a
[    5.443545] fsck.f2fs: Done.\x0a
[    5.516730] F2FS-fs (mmcblk1p17): Found nat_bits in checkpoint
[    5.584698] F2FS-fs (mmcblk1p17): recover_inode: ino = ad5, name = notification_policy.xml, inline = 1
[    5.585859] F2FS-fs (mmcblk1p17): recover_dentry: ino = ad5, name = notification_policy.xml, dir = 50, err = 0
[    5.585984] F2FS-fs (mmcblk1p17): recover_data: ino = ad5 (i_size: recover) recovered = 3, err = 0
[    5.586010] F2FS-fs (mmcblk1p17): recover_inode: ino = ad6, name = 0.xml, inline = b
[    5.586876] F2FS-fs (mmcblk1p17): recover_dentry: ino = ad6, name = 0.xml, dir = 52, err = 0
[    5.586923] F2FS-fs (mmcblk1p17): recover_data: ino = ad6 (i_size: recover) recovered = 0, err = 0
[    5.586947] F2FS-fs (mmcblk1p17): recover_inode: ino = ad7, name = wallpaper_info.xml.tmp, inline = b
[    5.587232] F2FS-fs (mmcblk1p17): recover_dentry: ino = ad7, name = wallpaper_info.xml.tmp, dir = 62, err = 0
[    5.587275] F2FS-fs (mmcblk1p17): recover_data: ino = ad7 (i_size: recover) recovered = 0, err = 0
[    5.590258] F2FS-fs (mmcblk1p17): checkpoint: version = d3d7a20
[    5.590487] F2FS-fs (mmcblk1p17): Mounted with checkpoint version = d3d7a20
[    5.591273] init: [libfs_mgr]__mount(source=/dev/block/by-name/userdata,target=/data,type=f2fs)=0: Success
[    5.593786] init: Parsing file /product/etc/init...
[    5.593893] init: Unable to read config file '/product/etc/init': open() failed: No such file or directory
[    5.593940] init: Parsing file /odm/etc/init...
[    5.593987] init: Unable to read config file '/odm/etc/init': open() failed: No such file or directory
[    5.594647] init: Command 'mount_all /vendor/etc/fstab.${ro.hardware}' action=fs (/vendor/etc/init/hw/init.rockchip.rc:37) took 1464ms and succeeded
[    5.594924] init: Untracked pid 192 exited with status 0
[    5.595019] init: processing action (fs) from (/system/etc/init/logd.rc:18)
[    5.598369] init: processing action (fs) from (/system/etc/init/wifi-events.rc:17)
[    5.598976] init: processing action (post-fs) from (/init.rc:311)
[    5.602050] init: Couldn't load property file '/odm/build.prop': open() failed: No such file or directory: No such file or directory
[    5.604649] init: Unable to set property 'ro.board.platform' to 'rk3326' in property file '/vendor/build.prop': Read-only property was already set
[    5.605674] selinux: avc:  denied  { set } for property=ro.ril.ecclist pid=1 uid=0 gid=0 scontext=u:r:vendor_init:s0 tcontext=u:object_r:radio_prop:s0 tclass=property_service permissive=1\x0a
[    5.607222] init: Unable to set property 'ro.product.first_api_level' to '23' in property file '/vendor/build.prop': Read-only property was already set
[    5.610017] selinux: avc:  denied  { set } for property=persist.bluetooth.btsnoopenable pid=1 uid=0 gid=0 scontext=u:r:vendor_init:s0 tcontext=u:object_r:bluetooth_prop:s0 tclass=property_service permissive=1\x0a
[    5.610528] init: Unable to set property 'ro.target.product' to 'tablet' in property file '/vendor/build.prop': Read-only property was already set
[    5.611458] init: Couldn't load property file '/factory/factory.prop': open() failed: No such file or directory: No such file or directory
[    5.613037] init: /recovery not specified in fstab
[    5.613388] init: Service 'vendor.insmod_sh' (pid 186) exited with status 0
[    5.614874] init: starting service 'logd'...
[    5.618440] init: starting service 'servicemanager'...
[    5.621496] init: starting service 'hwservicemanager'...
[    5.623580] init: Created socket '/dev/socket/logd', mode 666, user 1036, group 1036
[    5.625133] init: starting service 'vndservicemanager'...
[    5.629089] init: Created socket '/dev/socket/logdr', mode 666, user 1036, group 1036
[    5.632672] init: Created socket '/dev/socket/logdw', mode 222, user 1036, group 1036
[    5.633189] init: Opened file '/proc/kmsg', flags 0
[    5.633386] init: Opened file '/dev/kmsg', flags 1
[    5.645371] selinux: SELinux: Skipping restorecon_recursive(/cache)\x0a
[    5.656847] selinux: SELinux:  Could not stat /metadata: No such file or directory.\x0a
[    5.658330] init: processing action (post-fs) from (/vendor/etc/init/hw/init.rk30board.rc:10)
[    5.659472] init: processing action (post-fs) from (/vendor/etc/init/hw/init.rockchip.rc:39)
[    5.660932] init: processing action (post-fs) from (/vendor/etc/init/hw/init.optee.rc:2)
[    5.662294] init: starting service 'tee-supplicant'...
[    5.664772] init: processing action (post-fs) from (/system/etc/init/atrace_userdebug.rc:7)
[    5.666206] init: processing action (late-fs) from (/init.rc:376)
[    5.670649] init: starting service 'vendor.keymaster-3-0'...
[    5.673308] init: Command 'exec_start update_verifier_nonencrypted' action=late-fs (/init.rc:386) took 0ms and failed: Service not found
[    5.673684] init: processing action (post-fs-data) from (/init.rc:388)
[    5.676314] init: starting service 'vold'...
[    5.734337] logd.auditd: start
[    5.734473] logd.klogd: 5729984298
[    5.892507] init: starting service 'exec 1 (/system/bin/vdc --wait cryptfs init_user0)'...
[    5.895288] init: SVC_EXEC pid 233 (uid 0 gid 0+0 context default) started; waiting...
[    5.950749] vdc: Waited 0ms for vold
[    6.007590] init: Service 'exec 1 (/system/bin/vdc --wait cryptfs init_user0)' (pid 233) exited with status 0 waiting took 0.113000 seconds
[    6.008194] selinux: SELinux: Skipping restorecon_recursive(/data)\x0a
[    6.009274] init: starting service 'exec 2 (/system/bin/tzdatacheck /system/usr/share/zoneinfo /data/misc/zoneinfo)'...
[    6.010775] init: SVC_EXEC pid 235 (uid 1000 gid 1000+0 context default) started; waiting...
[    6.034206] init: Service 'exec 2 (/system/bin/tzdatacheck /system/usr/share/zoneinfo /data/misc/zoneinfo)' (pid 235) exited with status 0 waiting took 0.024000 seconds
[    6.034673] init: processing action (post-fs-data) from (/init.usb.rc:6)
[    6.038422] init: processing action (post-fs-data) from (/vendor/etc/init/hw/init.rk30board.rc:19)
[    6.047309] init: processing action (post-fs-data) from (/vendor/etc/init/hw/init.rockchip.rc:43)
[    6.048440] init: processing action (post-fs-data) from (/system/etc/init/bootstat.rc:7)
[    6.059923] init: processing action (post-fs-data) from (/system/etc/init/incidentd.rc:21)
[    6.061611] init: processing action (post-fs-data) from (/system/etc/init/logtagd.rc:4)
[    6.063897] init: processing action (post-fs-data) from (/system/etc/init/statsd.rc:25)
[    6.066749] init: processing action (post-fs-data) from (/vendor/etc/init/hostapd.android.rc:9)
[    6.071699] init: processing action (ro.crypto.state=unencrypted && zygote-start) from (/init.rc:571)
[    6.072575] init: starting service 'netd'...
[    6.075374] init: starting service 'zygote'...
[    6.075474] init: Created socket '/dev/socket/netd', mode 660, user 0, group 1000
[    6.076952] init: Created socket '/dev/socket/dnsproxyd', mode 660, user 0, group 3003
[    6.078212] init: Created socket '/dev/socket/mdns', mode 660, user 0, group 1000
[    6.078754] init: starting service 'zygote_secondary'...
[    6.078757] init: Created socket '/dev/socket/zygote', mode 660, user 0, group 1000
[    6.079603] init: Created socket '/dev/socket/fwmarkd', mode 660, user 0, group 3003
[    6.081774] init: processing action (zygote-start) from (/vendor/etc/init/hw/init.connectivity.rc:2)
[    6.083160] type=1400 audit(1501923607.480:4): avc: denied { setattr } for pid=183 comm="init" name="bluetooth" dev="mmcblk1p17" ino=14 scontext=u:r:vendor_init:s0 tcontext=u:object_r:bluetooth_data_file:s0 tclass=dir permissive=1
[    6.090208] init: Created socket '/dev/socket/zygote_secondary', mode 660, user 0, group 1000
[    6.114968] type=1400 audit(1501923607.480:4): avc: denied { setattr } for pid=183 comm="init" name="bluetooth" dev="mmcblk1p17" ino=14 scontext=u:r:vendor_init:s0 tcontext=u:object_r:bluetooth_data_file:s0 tclass=dir permissive=1
[    6.115062] type=1400 audit(1501923607.513:5): avc: denied { setattr } for pid=183 comm="init" name="nfc" dev="mmcblk1p17" ino=76 scontext=u:r:vendor_init:s0 tcontext=u:object_r:nfc_data_file:s0 tclass=dir permissive=1
[    6.118468] init: processing action (load_persist_props_action) from (/init.rc:268)
[    6.118946] init: Couldn't load property file '/data/local.prop': open() failed: No such file or directory: No such file or directory
[    6.123273] init: starting service 'logd-reinit'...
[    6.126022] init: processing action (load_persist_props_action) from (/system/etc/init/logcatd.rc:31)
[    6.127042] init: processing action (firmware_mounts_complete) from (/init.rc:274)
[    6.127337] init: processing action (early-boot) from (/vendor/etc/init/hw/init.rockchip.rc:46)
[    6.127997] init: start_waiting_for_property("vendor.all.modules.ready", "1"): already set
[    6.128164] init: processing action (early-boot) from (/vendor/etc/init/hw/init.rk3326.rc:6)
[    6.132686] init: [libfs_mgr]Failed to query DM_TABLE_STATUS for vendor: No such device or address
[    6.132815] init: [libfs_mgr]Failed to query DM_TABLE_STATUS for vroot: No such device or address
[    6.132977] init: processing action (early-boot) from (/system/etc/init/installd.rc:5)
[    6.166946] logd.daemon: reinit
[    6.169416] init: Service 'logd-reinit' (pid 239) exited with status 0
[    6.182535] init: processing action (boot) from (/init.rc:586)
[    6.194379] init: starting service 'hidl_memory'...
[    6.196967] init: starting service 'healthd'...
[    6.201010] init: starting service 'vendor.audio-hal-2-0'...
[    6.204695] init: starting service 'vendor.bluetooth-1-0'...
[    6.209448] init: starting service 'vendor.camera-provider-2-4'...
[    6.213735] init: starting service 'vendor.cas-hal-1-0'...
[    6.216504] init: couldn't write 244 to /dev/cpuset/camera-daemon/tasks: No such file or directory
[    6.218817] init: starting service 'vendor.configstore-hal'...
[    6.222370] init: starting service 'vendor.drm-hal-1-0'...
[    6.226812] init: starting service 'vendor.drm-clearkey-hal-1-1'...
[    6.230529] init: starting service 'vendor.drm-widevine-hal-1-1'...
[    6.239137] init: starting service 'vendor.gatekeeper-1-0'...
[    6.249215] init: starting service 'vendor.gralloc-2-0'...
[    6.265033] init: starting service 'vendor.hwcomposer-2-1'...
[    6.270105] init: starting service 'health-hal-2-0'...
[    6.275257] init: Opened file '/dev/kmsg', flags 1
[    6.279107] init: starting service 'vendor.light-hal-2-0'...
[    6.282669] init: starting service 'vendor.memtrack-hal-1-0'...
[    6.294796] init: starting service 'nfc_hal_service'...
[    6.302284] init: starting service 'vendor.power-hal-1-0'...
[    6.323497] init: starting service 'vendor.sensors-hal-1-0'...
[    6.358751] healthd: No battery devices found
[    6.361847] healthd: battery none chg=
[    6.400140] init: starting service 'vendor.wifi_hal_legacy'...
[    6.402098] init: Command 'class_start hal' action=boot (/init.rc:681) took 208ms and succeeded
[    6.402434] init: Could not start service 'displayd' as part of class 'core': Cannot find '/system/bin/displayd': No such file or directory
[    6.403392] init: starting service 'audioserver'...
[    6.408959] init: starting service 'lmkd'...
[    6.415015] init: starting service 'surfaceflinger'...
[    6.417351] init: starting service 'thermalservice'...
[    6.444377] init: processing action (boot) from (/init.usb.rc:21)
[    6.445401] init: processing action (persist.sys.usb.config=* && boot) from (/init.usb.rc:102)
[    6.445834] init: processing action (boot) from (/vendor/etc/init/hw/init.rk30board.rc:46)
[    6.454796] init: Created socket '/dev/socket/lmkd', mode 660, user 1000, group 1000
[    6.454853] init: Failed to bind socket 'pdx/system/vr/display/client': No such file or directory
[    6.457424] init: Failed to bind socket 'pdx/system/vr/display/manager': No such file or directory
[    6.458806] init: Failed to bind socket 'pdx/system/vr/display/vsync': No such file or directory
[    6.743510] init: processing action (boot) from (/vendor/etc/init/hw/init.rockchip.rc:50)
[    6.743902] init: processing action (boot) from (/vendor/etc/init/hw/init.rk30board.usb.rc:1)
[    6.746704] init: Command 'mount configfs none /config' action=boot (/vendor/etc/init/hw/init.rk30board.usb.rc:4) took 0ms and failed: mount() failed: Device or resource busy
[    6.752362] healthd: No battery devices found
[    6.754638] init: property 'ro.serialno' doesn't exist while expanding '${ro.serialno}'
[    6.754851] init: Command 'write /config/usb_gadget/g1/strings/0x409/serialnumber ${ro.serialno}' action=boot (/vendor/etc/init/hw/init.rk30board.usb.rc:10) took 0ms and failed: cannot expand '${ro.serialno}'
[    6.801855] file system registered
[    6.825987] using random self ethernet address
[    6.826039] using random host ethernet address
[    6.827072] init: Command 'write /config/usb_gadget/g1/functions/rndis.gs4/wceis 1' action=boot (/vendor/etc/init/hw/init.rk30board.usb.rc:19) took 0ms and failed: Unable to write to file '/config/usb_gadget/g1/functions/rndis.gs4/wceis': open() failed: Permission denied
[    6.876415] healthd: battery none chg=
[    6.907998] init: Command 'symlink /config/usb_gadget/g1/functions/uvc.gs6/streaming/uncompressed/u /config/usb_gadget/g1/functions/uvc.gs6/streaming/header/h/u' action=boot (/vendor/etc/init/hw/init.rk30board.usb.rc:55) took 58ms and succeeded
[    6.939962] init: processing action (boot) from (/vendor/etc/init/hw/init.rk3326.rc:10)
[    6.959623] init: processing action (boot) from (/system/etc/init/bootstat.rc:61)
[    6.959789] init: processing action (boot) from (/system/etc/init/dumpstate.rc:1)
[    6.960074] init: processing action (enable_property_trigger) from (<Builtin Action>:0)
[    6.960545] init: processing action (security.perf_harden=1) from (/init.rc:736)
[    6.961419] init: processing action (ro.debuggable=1) from (/init.rc:760)
[    6.962463] init: starting service 'console'...
[    6.964111] init: processing action (ro.boot.noril=true) from (/vendor/etc/init/hw/init.rk30board.rc:264)
[    6.964869] init: Command 'stop ril-daemon' action=ro.boot.noril=true (/vendor/etc/init/hw/init.rk30board.rc:266) took 0ms and failed: service ril-daemon not found
[    6.964974] init: processing action (sys.usb.config=mtp,adb && sys.usb.configfs=1) from (/vendor/etc/init/hw/init.rk30board.usb.rc:86)
[    6.967095] init: processing action (sys.usb.config=mtp,adb && sys.usb.configfs=1) from (/init.usb.configfs.rc:32)
[    6.967460] init: starting service 'adbd'...
[    6.969108] init: processing action (ro.statsd.enable=false) from (/system/etc/init/statsd.rc:22)
[    6.969339] init: processing action (nonencrypted) from (/init.rc:685)
[    6.969518] init: Could not start service 'flash_recovery' as part of class 'main': Cannot find '/system/bin/install-recovery.sh': No such file or directory
[    6.969642] init: Could not start service 'bplus_helper' as part of class 'main': Cannot find '/system/bin/bplus_helper': No such file or directory
[    6.970332] init: Could not start service 'up_eth0' as part of class 'main': File /system/bin/busybox(labeled "u:object_r:system_file:s0") has incorrect label or no domain transition from u:r:init:s0 to another SELinux domain defined. Have you configured your service correctly? https://source.android.com/security/selinux/device-policy#label_new_services_and_address_denials
[    6.970461] init: Could not start service 'rk_store_keybox' as part of class 'main': Cannot find '/vendor/bin/rk_store_keybox': No such file or directory
[    6.970600] init: Could not start service 'akmd' as part of class 'main': Cannot find '/vendor/bin/akmd': No such file or directory
[    6.971958] init: setpgid failed for console: Operation not permitted
[    6.976645] init: Created socket '/dev/socket/adbd', mode 660, user 1000, group 1000
[    6.981720] init: starting service 'cameraserver'...
[    6.984026] init: starting service 'drm'...
[    6.986460] init: starting service 'incidentd'...
[    6.991338] type=1400 audit(1501923607.513:5): avc: denied { setattr } for pid=183 comm="init" name="nfc" dev="mmcblk1p17" ino=76 scontext=u:r:vendor_init:s0 tcontext=u:object_r:nfc_data_file:s0 tclass=dir permissive=1
[    6.991399] type=1400 audit(1501923608.360:6): avc: granted { read } for pid=1 comm="init" name="ttyFIQ0" dev="tmpfs" ino=8121 scontext=u:r:init:s0 tcontext=u:object_r:serial_device:s0 tclass=chr_file
[    6.991610] init: couldn't write 288 to /dev/cpuset/camera-daemon/tasks: No such file or directory
[    6.999389] init: starting service 'installd'...
[    7.001806] init: starting service 'keystore'...
[    7.004153] init: starting service 'mediadrm'...
[    7.017101] init: starting service 'mediaextractor'...
[    7.032345] init: starting service 'mediametrics'...
[    7.045110] init: starting service 'media'...
[    7.051249] init: starting service 'storaged'...
[    7.053729] init: starting service 'wificond'...
[    7.068497] init: Failed to open file '/d/mmc0/mmc0:0001/ext_csd': No such file or directory
[    7.086818] type=1400 audit(1501923608.360:6): avc: granted { read } for pid=1 comm="init" name="ttyFIQ0" dev="tmpfs" ino=8121 scontext=u:r:init:s0 tcontext=u:object_r:serial_device:s0 tclass=chr_file
[    7.086877] type=1400 audit(1501923608.360:7): avc: granted { read open } for pid=1 comm="init" path="/dev/ttyFIQ0" dev="tmpfs" ino=8121 scontext=u:r:init:s0 tcontext=u:object_r:serial_device:s0 tclass=chr_file
[    7.087081] type=1400 audit(1501923608.360:7): avc: granted { read open } for pid=1 comm="init" path="/dev/ttyFIQ0" dev="tmpfs" ino=8121 scontext=u:r:init:s0 tcontext=u:object_r:serial_device:s0 tclass=chr_file
[    7.087126] type=1400 audit(1501923608.370:8): avc: granted { read } for pid=286 comm="init" name="ttyFIQ0" dev="tmpfs" ino=8121 scontext=u:r:init:s0 tcontext=u:object_r:serial_device:s0 tclass=chr_file
[    7.087709] type=1400 audit(1501923608.370:8): avc: granted { read } for pid=286 comm="init" name="ttyFIQ0" dev="tmpfs" ino=8121 scontext=u:r:init:s0 tcontext=u:object_r:serial_device:s0 tclass=chr_file
[    7.146144] type=1400 audit(1501923608.370:9): avc: granted { read open } for pid=286 comm="init" path="/dev/ttyFIQ0" dev="tmpfs" ino=8121 scontext=u:r:init:s0 tcontext=u:object_r:serial_device:s0 tclass=chr_file
[    7.313473] read descriptors
[    7.313562] read strings
[    7.403834] init: starting service 'vendor.media.omx'...
[    7.411844] init: starting service 'rockchip.drmservice'...
[    7.414045] init: Command 'class_start main' action=nonencrypted (/init.rc:686) took 444ms and succeeded
[    7.427265] init: starting service 'gatekeeperd'...
[    7.436239] init: starting service 'perfprofd'...
[    7.447410] init: starting service 'tombstoned'...
[    7.450930] init: starting service 'usbd'...
[    7.459420] init: Created socket '/dev/socket/tombstoned_crash', mode 666, user 1000, group 1000
